This script was generated by crab (version 2.11.1).
Running /var/condor/.execute-links/slot01/dir_24899/glide_HG0icl/execute/dir_25119/condor_exec.exe with 2 positional parameters: 168 1
Today is Tue Nov  4 13:16:10 CST 2014 - Tue Nov  4 19:16:10 UTC 2014
Job submitted on host g14n05.hep.wisc.edu
Linux g14n05.hep.wisc.edu 2.6.32-358.18.1.el6.x86_64 #1 SMP Tue Aug 27 14:23:09 CDT 2013 x86_64 x86_64 x86_64 GNU/Linux
Distributor ID:	Scientific
Description:	Scientific Linux release 6.5 (Carbon)
>>> current directory (RUNTIME_AREA): /var/condor/execute/dir_24899/glide_HG0icl/execute/dir_25119
>>> current user: uid=2541(osg_cmsuser1550) gid=622(osg_uscms01) groups=622(osg_uscms01),65001(glexec01) context=unconfined_u:system_r:condor_startd_t:s0
>>> directory permission set to 0700
>>> umask set to:  u=rwx,g=,o=
>>> stdout stderr permission set to 0704
>>> voms proxy information:
subject   : /DC=ch/DC=cern/OU=Organic Units/OU=Users/CN=bpollack/CN=696641/CN=Brian Pollack/CN=780444926/CN=1824019059
issuer    : /DC=ch/DC=cern/OU=Organic Units/OU=Users/CN=bpollack/CN=696641/CN=Brian Pollack/CN=780444926
identity  : /DC=ch/DC=cern/OU=Organic Units/OU=Users/CN=bpollack/CN=696641/CN=Brian Pollack/CN=780444926
type      : RFC compliant proxy
strength  : 1024 bits
path      : /var/condor/.execute-links/slot01/dir_24899/glide_HG0icl/execute/dir_25119/x509up_u44397
timeleft  : 23:58:56
key usage : Digital Signature, Key Encipherment, Data Encipherment
=== VO cms extension information ===
VO        : cms
subject   : /DC=ch/DC=cern/OU=Organic Units/OU=Users/CN=bpollack/CN=696641/CN=Brian Pollack
issuer    : /DC=ch/DC=cern/OU=computers/CN=lcg-voms.cern.ch
attribute : /cms/Role=NULL/Capability=NULL
attribute : /cms/uscms/Role=NULL/Capability=NULL
timeleft  : 191:49:26
uri       : lcg-voms.cern.ch:15002
WNHostName=g14n05.hep.wisc.edu
$_CONDOR_JOB_AD =/var/condor/.execute-links/slot01/dir_24899/glide_HG0icl/execute/dir_25119/.job.ad
OverflowFlag=0
>>> tar --no-same-permissions -xf /var/condor/execute/dir_24899/glide_HG0icl/execute/dir_25119/default.tgz :
Successful untar
>>> Include /var/condor/execute/dir_24899/glide_HG0icl/execute/dir_25119 in PYTHONPATH:
strip arguments
env var CRAB_UNIQUE_JOB_ID set to: bpollack_DoubleEl_2012B_7z40te_168_1_zku
out_files_168
>>> list of expected files on output sandbox
output files: crab_fjr_168.xml CMSSW_168.stdout CMSSW_168.stderr Watchdog_168.log.gz
>>> GridFlavour discovery: 
source OSG GRID setup script
GridFlavour=OSG
>>> SyncSite discovery: 
SyncSite=T2_US_Wisconsin
>>> SyncCE discovery: 
getting SyncCE from OSG_JOB_CONTACT
SyncCE=cmsgrid03.hep.wisc.edu/jobmanager-condor
>>> info for dashboard:
***** Cat /var/condor/execute/dir_24899/glide_HG0icl/execute/dir_25119/jobreport.txt *****
WNHostName=g14n05.hep.wisc.edu
OverflowFlag=0
MonitorJobID=168_https://submit-4.t2.ucsd.edu//141104//521611.167
SyncGridJobId=https://submit-4.t2.ucsd.edu//141104//521611.167
MonitorID=bpollack_DoubleEl_2012B_7z40te
GridFlavour=OSG
SyncSite=T2_US_Wisconsin
SyncCE=cmsgrid03.hep.wisc.edu/jobmanager-condor
***** End Cat jobreport *****
Parameters sent to Dashboard.
>>> setup environment
set SCRAM ARCH to slc5_amd64_gcc462
SCRAM_ARCH = slc5_amd64_gcc462
>>> Created working directory: /var/condor/execute/dir_24899/glide_HG0icl/execute/dir_25119/cms_Txcbvvthgvhy
Change to working directory: /var/condor/execute/dir_24899/glide_HG0icl/execute/dir_25119/cms_Txcbvvthgvhy
>>> current directory (WORKING_DIR): /var/condor/execute/dir_24899/glide_HG0icl/execute/dir_25119/cms_Txcbvvthgvhy
>>> setup CMS OSG environment:
set SCRAM ARCH to slc5_amd64_gcc462
SCRAM_ARCH = slc5_amd64_gcc462
OSG_APP is /cvmfs/cms.hep.wisc.edu/osg/app
sourcing /cvmfs/cms.hep.wisc.edu/osg/app/cmssoft/cms/cmsset_default.sh ...
==> setup cms environment ok
SCRAM_ARCH = slc5_amd64_gcc462
>>> specific cmssw setup environment:
CMSSW_VERSION =  CMSSW_5_3_13_patch3
WARNING: Developer's area is created for architecture slc5_amd64_gcc462 while your current OS is SLC6.
>>> current directory (SOFTWARE_DIR): /var/condor/execute/dir_24899/glide_HG0icl/execute/dir_25119/cms_Txcbvvthgvhy/CMSSW_5_3_13_patch3
PreserveSeeds: <>
IncrementSeeds:<>
>>> info for dashboard:
***** Cat /var/condor/execute/dir_24899/glide_HG0icl/execute/dir_25119/jobreport.txt *****
MonitorJobID=168_https://submit-4.t2.ucsd.edu//141104//521611.167
MonitorID=bpollack_DoubleEl_2012B_7z40te
***** End Cat jobreport *****
Parameters sent to Dashboard.
crabWatchdog started as process 25573
>>> moving CMSSW software directories in /var/condor/execute/dir_24899/glide_HG0icl/execute/dir_25119/cms_Txcbvvthgvhy/CMSSW_5_3_13_patch3
mv: cannot stat `/var/condor/execute/dir_24899/glide_HG0icl/execute/dir_25119/module/': No such file or directory
>>> Include /var/condor/execute/dir_24899/glide_HG0icl/execute/dir_25119 in PYTHONPATH:
PYTHONPATH=/var/condor/execute/dir_24899/glide_HG0icl/execute/dir_25119/:/var/condor/execute/dir_24899/glide_HG0icl/execute/dir_25119/cms_Txcbvvthgvhy/CMSSW_5_3_13_patch3/python:/var/condor/execute/dir_24899/glide_HG0icl/execute/dir_25119/cms_Txcbvvthgvhy/CMSSW_5_3_13_patch3/lib/slc5_amd64_gcc462:/cvmfs/cms.cern.ch/slc5_amd64_gcc462/cms/cmssw-patch/CMSSW_5_3_13_patch3/python:/cvmfs/cms.cern.ch/slc5_amd64_gcc462/cms/cmssw-patch/CMSSW_5_3_13_patch3/lib/slc5_amd64_gcc462:/cvmfs/cms.cern.ch/slc5_amd64_gcc462/cms/cmssw/CMSSW_5_3_13/bin/slc5_amd64_gcc462:/cvmfs/cms.cern.ch/slc5_amd64_gcc462/cms/cmssw/CMSSW_5_3_13/lib/slc5_amd64_gcc462:/cvmfs/cms.cern.ch/slc5_amd64_gcc462/cms/coral/CORAL_2_3_21-cms38/slc5_amd64_gcc462/python:/cvmfs/cms.cern.ch/slc5_amd64_gcc462/cms/coral/CORAL_2_3_21-cms38/slc5_amd64_gcc462/lib:/cvmfs/cms.cern.ch/slc5_amd64_gcc462/external/pyqt/4.8.1/lib/python2.6/site-packages:/cvmfs/cms.cern.ch/slc5_amd64_gcc462/external/py2-scipy/0.8.0/lib/python2.6/site-packages:/cvmfs/cms.cern.ch/slc5_amd64_gcc462/external/py2-matplotlib/1.0.1/lib/python2.6/site-packages:/cvmfs/cms.cern.ch/slc5_amd64_gcc462/external/python-ldap/2.3.5/lib/python2.6/site-packages:/cvmfs/cms.cern.ch/slc5_amd64_gcc462/external/sip/4.11.2/lib/python2.6/site-packages:/cvmfs/cms.cern.ch/slc5_amd64_gcc462/external/py2-pycurl/7.19.0/lib/python2.6/site-packages:/cvmfs/cms.cern.ch/slc5_amd64_gcc462/external/py2-numpy/1.6.1/lib/python2.6/site-packages:/cvmfs/cms.cern.ch/slc5_amd64_gcc462/external/py2-ipython/0.10/lib/python2.6/site-packages:/cvmfs/cms.cern.ch/slc5_amd64_gcc462/external/py2-cx-oracle/5.1-cms11/lib/python2.6/site-packages:/cvmfs/cms.cern.ch/slc5_amd64_gcc462/external/py2-cjson/1.0.5/lib/python2.6/site-packages:/cvmfs/cms.cern.ch/slc5_amd64_gcc462/cms/das-client/1.9.5/bin:/cvmfs/cms.cern.ch/slc5_amd64_gcc462/external/elementtree/1.2.6/share/lib/python2.6/site-packages:/cvmfs/cms.cern.ch/slc5_amd64_gcc462/external/rivet/1.8.2/lib/python2.6/site-packages:/cvmfs/cms.cern.ch/slc5_amd64_gcc462/external/pyminuit2/0.0.1-cms39/lib/python2.6/site-packages:/cvmfs/cms.cern.ch/slc5_amd64_gcc462/external/professor/1.0.0-cms40/lib/python2.6/site-packages:/cvmfs/cms.cern.ch/slc5_amd64_gcc462/lcg/root/5.32.00-cms21/lib:/cvmfs/cms.cern.ch/slc5_amd64_gcc462/cms/dbs-client/DBS_2_1_9-cms3/lib:/cvmfs/cms.cern.ch/slc5_amd64_gcc462/cms/dbs-client/DBS_2_1_9-cms3/lib/DBSAPI:/cvmfs/cms.cern.ch/slc5_amd64_gcc462/external/cvs2git/5419/lib:/var/condor/execute/dir_24899/glide_HG0icl/execute/dir_25119/
 
# LIMITS USED BY CRAB WATCHDOG:
# RSS  (KBytes)   : 2300000
# VSZ  (KBytes)   : 100000000
# DISK (MBytes)   : 19000
# CPU TIME        : 720h:0m:0s
# WALL CLOCK TIME : 21h:50m:0s
 
5752d28f8b4b39d632270e5775070e10
PSETHASH = 5752d28f8b4b39d632270e5775070e10
/var/condor/execute/dir_24899/glide_HG0icl/execute/dir_25119/writeCfg.py pset.py pset.py
Importing .py file
Setting parameters
RandomNumberGeneratorService found, will attempt to change seeds
inputBlocks=/DoubleElectron/Run2012B-22Jan2013-v1/AOD#22f3ec56-6954-11e2-a7eb-00221959e72f
inputFiles=/store/data/Run2012B/DoubleElectron/AOD/22Jan2013-v1/20000/B0A77FDE-5669-E211-8277-0026189438E6.root;/store/data/Run2012B/DoubleElectron/AOD/22Jan2013-v1/20000/7AEFB493-5F69-E211-81CD-002618943974.root;/store/data/Run2012B/DoubleElectron/AOD/22Jan2013-v1/20000/246927EA-5469-E211-92C6-0030486792B4.root;/store/data/Run2012B/DoubleElectron/AOD/22Jan2013-v1/20000/58C9BE46-5469-E211-9505-00261894387A.root;/store/data/Run2012B/DoubleElectron/AOD/22Jan2013-v1/20000/8274971D-5269-E211-99E5-003048678D86.root;/store/data/Run2012B/DoubleElectron/AOD/22Jan2013-v1/20000/FCB23E01-5069-E211-A030-003048678B06.root
parentFiles=
lumisRange=194631:55-194631:56;194631:88;194631:90;194631:98-194631:99;194631:105-194631:106;194631:113-194631:118;194631:140;194631:142;194631:149;194631:151-194631:153;194631:157-194631:158;194631:160-194631:163;194631:166-194631:168;194631:172-194631:174;194631:177-194631:178;194631:195-194631:197;194691:240;194702:164-194702:165;194735:83-194735:84;194897:89-194897:91;194912:53;194912:59-194912:60;194912:87;194912:90;194912:100;194912:102;194912:105-194912:107;194912:109-194912:110;194912:132;194912:156;194912:171;194912:185-194912:186;194912:280-194912:281;194912:417-194912:422;195013:154;195013:340;195013:428;195013:467;195013:485;195113:6;195113:12;195113:14;195147:227;195147:300;195147:384;195147:485-195147:486;195147:541;195147:559;195163:211-195163:212;195163:243;195163:250;195303:210-195303:211;195303:223-195303:224;195303:228-195303:230;195303:233-195303:234;195303:244-195303:245;195303:252-195303:253;195303:257-195303:259;195303:262;195303:266;195303:275-195303:276;195303:281-195303:282;195303:312-195303:313;195552:863;195647:12-195647:13;195647:30-195647:31;195948:355-195948:356
>>> Executable cmsRun
/cvmfs/cms.cern.ch/slc5_amd64_gcc462/cms/cmssw/CMSSW_5_3_13/bin/slc5_amd64_gcc462/cmsRun
ok executable found
>>> info for dashboard:
***** Cat /var/condor/execute/dir_24899/glide_HG0icl/execute/dir_25119/jobreport.txt *****
MonitorJobID=168_https://submit-4.t2.ucsd.edu//141104//521611.167
MonitorID=bpollack_DoubleEl_2012B_7z40te
ExeStart=cmsRun
***** End Cat jobreport *****
Parameters sent to Dashboard.
>>> cmsRun started at Tue Nov  4 19:16:35 UTC 2014
Terminated
>>> cmsRun ended at Wed Nov  5 17:07:01 UTC 2014
>>> crab_fjr_*.xml  permission set to 0704
>>> info for dashboard:
***** Cat /var/condor/execute/dir_24899/glide_HG0icl/execute/dir_25119/jobreport.txt *****
MonitorJobID=168_https://submit-4.t2.ucsd.edu//141104//521611.167
MonitorID=bpollack_DoubleEl_2012B_7z40te
ExeEnd=cmsRun
***** End Cat jobreport *****
Parameters sent to Dashboard.
********** SIGUSR2 detected at Wed Nov  5 11:07:48 CST 2014  -  Wed Nov  5 17:07:48 UTC 2014
********** CRAB WRAPPER CMSSW.sh TERMINATED BY A KILL
********** KILL signal was issued by Crab Watchdog
********** because usage of resource WALL TIME was excessive
************** JOB EXIT CODE set to: 50664
CrabWrapper EXIT_FUNC entered at Wed Nov  5 11:07:48 CST 2014   -  Wed Nov  5 17:07:48 UTC 2014
*** Watchdog kicked in, make sure we
*** do not go on before Watchdog completes the cleanup
Checking output files:  
will tar file crab_fjr_168.xml in  out_files_168
WARNING: output file CMSSW_168.stdout not found!
WARNING: output file CMSSW_168.stderr not found!
WARNING: output file Watchdog_168.log.gz not found!
>>> working dir = /var/condor/execute/dir_24899/glide_HG0icl/execute/dir_25119/cms_Txcbvvthgvhy
>>> current directory (RUNTIME_AREA): /var/condor/execute/dir_24899/glide_HG0icl/execute/dir_25119
>>> Remove working directory: /var/condor/execute/dir_24899/glide_HG0icl/execute/dir_25119/cms_Txcbvvthgvhy
/var/condor/.execute-links/slot01/dir_24899/glide_HG0icl/execute/dir_25119/condor_exec.exe: line 156: symlinks: command not found
>>> padding time: Wrapper lasting more than 600 seconds. No sleep required.
STOPPING WATCHDOG. CrabWatchdog PID is 25573
/var/condor/.execute-links/slot01/dir_24899/glide_HG0icl/execute/dir_25119/condor_exec.exe: line 173: kill: (25573) - No such process
********** LAST 50 LINES OF WATCHDOG LOG
 Nov 05 08:48:38 CST	26021	1905764	2257088	425	11777	70335	cmsRun -j /var/condor/execute/dir_24899/glide_HG0icl/execute/dir_25119/crab_fjr_168.xml -p pset.py      
 Nov 05 08:56:41 CST	26021	1906672	2257088	425	11788	70820	cmsRun -j /var/condor/execute/dir_24899/glide_HG0icl/execute/dir_25119/crab_fjr_168.xml -p pset.py      
 Nov 05 08:57:44 CST	26021	1907324	2259648	425	11790	70881	cmsRun -j /var/condor/execute/dir_24899/glide_HG0icl/execute/dir_25119/crab_fjr_168.xml -p pset.py      
 Nov 05 08:58:44 CST	26021	1908248	2259648	425	11790	70941	cmsRun -j /var/condor/execute/dir_24899/glide_HG0icl/execute/dir_25119/crab_fjr_168.xml -p pset.py      
 Nov 05 09:01:47 CST	26021	1908560	2259648	425	11790	71125	cmsRun -j /var/condor/execute/dir_24899/glide_HG0icl/execute/dir_25119/crab_fjr_168.xml -p pset.py      
 Nov 05 09:04:49 CST	26021	1908808	2259648	425	11790	71306	cmsRun -j /var/condor/execute/dir_24899/glide_HG0icl/execute/dir_25119/crab_fjr_168.xml -p pset.py      
 Nov 05 10:27:43 CST	26021	1909224	2259648	425	11847	76280	cmsRun -j /var/condor/execute/dir_24899/glide_HG0icl/execute/dir_25119/crab_fjr_168.xml -p pset.py      
 Nov 05 10:28:44 CST	26021	1909744	2261184	425	11847	76341	cmsRun -j /var/condor/execute/dir_24899/glide_HG0icl/execute/dir_25119/crab_fjr_168.xml -p pset.py      
 Nov 05 10:29:44 CST	26021	1910700	2261184	425	11847	76401	cmsRun -j /var/condor/execute/dir_24899/glide_HG0icl/execute/dir_25119/crab_fjr_168.xml -p pset.py      
 Nov 05 10:30:45 CST	26021	1910700	2262464	425	11847	76462	cmsRun -j /var/condor/execute/dir_24899/glide_HG0icl/execute/dir_25119/crab_fjr_168.xml -p pset.py      
 Nov 05 10:31:45 CST	26021	1911260	2262464	425	11847	76522	cmsRun -j /var/condor/execute/dir_24899/glide_HG0icl/execute/dir_25119/crab_fjr_168.xml -p pset.py      
 Nov 05 10:32:45 CST	26021	1912192	2262464	425	11847	76583	cmsRun -j /var/condor/execute/dir_24899/glide_HG0icl/execute/dir_25119/crab_fjr_168.xml -p pset.py      
 Nov 05 10:33:46 CST	26021	1912192	2262720	425	11847	76643	cmsRun -j /var/condor/execute/dir_24899/glide_HG0icl/execute/dir_25119/crab_fjr_168.xml -p pset.py      
 Nov 05 10:35:47 CST	26021	1912192	2262976	425	11847	76764	cmsRun -j /var/condor/execute/dir_24899/glide_HG0icl/execute/dir_25119/crab_fjr_168.xml -p pset.py      
 Nov 05 10:54:56 CST	26021	1912192	2266048	425	11859	77913	cmsRun -j /var/condor/execute/dir_24899/glide_HG0icl/execute/dir_25119/crab_fjr_168.xml -p pset.py      
 Nov 05 10:55:56 CST	26021	1912616	2266048	425	11859	77974	cmsRun -j /var/condor/execute/dir_24899/glide_HG0icl/execute/dir_25119/crab_fjr_168.xml -p pset.py      
 Nov 05 10:56:57 CST	26021	1913420	2266048	425	11859	78034	cmsRun -j /var/condor/execute/dir_24899/glide_HG0icl/execute/dir_25119/crab_fjr_168.xml -p pset.py      
# TIME			PID	RSS(KB)	VSZ(KB)	Dsk(MB)	tCPU(s)	tWALL(s)	COMMAND
# TIME			PID	RSS(KB)	VSZ(KB)	Dsk(MB)	tCPU(s)	tWALL(s)	COMMAND
# TIME			PID	RSS(KB)	VSZ(KB)	Dsk(MB)	tCPU(s)	tWALL(s)	COMMAND
# TIME			PID	RSS(KB)	VSZ(KB)	Dsk(MB)	tCPU(s)	tWALL(s)	COMMAND
# TIME			PID	RSS(KB)	VSZ(KB)	Dsk(MB)	tCPU(s)	tWALL(s)	COMMAND
# TIME			PID	RSS(KB)	VSZ(KB)	Dsk(MB)	tCPU(s)	tWALL(s)	COMMAND
# TIME			PID	RSS(KB)	VSZ(KB)	Dsk(MB)	tCPU(s)	tWALL(s)	COMMAND
# TIME			PID	RSS(KB)	VSZ(KB)	Dsk(MB)	tCPU(s)	tWALL(s)	COMMAND
# TIME			PID	RSS(KB)	VSZ(KB)	Dsk(MB)	tCPU(s)	tWALL(s)	COMMAND
# TIME			PID	RSS(KB)	VSZ(KB)	Dsk(MB)	tCPU(s)	tWALL(s)	COMMAND
 ********************************************************
 * JOB HIT PREDEFINED RESOURCE LIMIT ! PROCESSING HALTED
 *   WALL TIME value is 78638 while limit is 78600
 ********************************************************
send pkill TERM  to all CrabWrapper childs in this Process Tree
  PID TTY      STAT   TIME COMMAND
24920 ?        SNs    0:00 /bin/bash /var/condor/.execute-links/slot01/dir_24899/condor_exec.exe -v std -name v3_0 -entry CMS_T2_US_Wisconsin_cms03 -clientname UCSD-v1_0.main -schedd schedd_glideins7@glidein.grid.iu.edu -proxy OSG -factory OSGGOC -web http://glidein.grid.iu.edu/glidefactory//stage/glidein_v3_0 -sign bf9e5b63de8796c3a33c87ec5f22ced3969249df -signentry 9d72e0758c26c18d754bcc9b2278b4b051ee6778 -signtype sha1 -descript description.eashWx.cfg -descriptentry description.eashWx.cfg -dir Condor -param_GLIDEIN_Client UCSD-v1_0.main -submitcredid 570976 -slotslayout fixed -clientweb http://glidein-frontend-2.t2.ucsd.edu:8319/vofrontend/stage/frontend_UCSD-v1_0 -clientsign 5fbf03e9845c24e5f3755f32de2475abf968c7d5 -clientsigntype sha1 -clientdescript description.e8diJj.cfg -clientgroup main -clientwebgroup http://glidein-frontend-2.t2.ucsd.edu:8319/vofrontend/stage/frontend_UCSD-v1_0/group_main -clientsigngroup 08c56fcc31727d0351217045905bce987edd62bf -clientdescriptgroup description.e5lfKp.cfg -param_CONDOR_VERSION 8.dot,2.dot,x -param_GLIDEIN_Glexec_Use OPTIONAL -param_GLIDEIN_Job_Max_Time 34800 -param_GLIDECLIENT_ReqNode glidein.dot,grid.dot,iu.dot,edu -param_CONDOR_OS default -param_MIN_DISK_GBS 1 -param_GLIDEIN_Monitoring_Enabled False -param_CONDOR_ARCH default -param_UPDATE_COLLECTOR_WITH_TCP True -param_USE_MATCH_AUTH True -param_GLIDEIN_Report_Failed NEVER -param_GLIDEIN_Collector glidein.minus,collector.minus,2.dot,t2.dot,ucsd.dot,edu.colon,9620.minus,10119.semicolon,glidein.minus,collector.dot,t2.dot,ucsd.dot,edu.colon,9620.minus,10119 -cluster 1999375 -subcluster 9
30265 ?        SN     0:00  \_ /bin/bash /var/condor/.execute-links/slot01/dir_24899/glide_HG0icl/main/condor_startup.sh glidein_config
31026 ?        SN     0:01      \_ /var/condor/.execute-links/slot01/dir_24899/glide_HG0icl/main/condor/sbin/condor_master -f -pidfile /var/condor/.execute-links/slot01/dir_24899/glide_HG0icl/condor_master2.pid
31072 ?        SN     1:58          \_ condor_procd -A /var/condor/.execute-links/slot01/dir_24899/glide_HG0icl/log/procd_address -L /var/condor/.execute-links/slot01/dir_24899/glide_HG0icl/log/ProcLog -R 1000000 -S 60 -C 2980 -I /var/condor/.execute-links/slot01/dir_24899/glide_HG0icl/main/condor/libexec/condor_glexec_kill /usr/sbin/glexec 3 30
31081 ?        SN     0:52          \_ condor_startd -f
25119 ?        SN     0:01              \_ condor_starter -f submit-4.t2.ucsd.edu
25184 ?        SN     0:00                  \_ /bin/sh /var/condor/.execute-links/slot01/dir_24899/glide_HG0icl/execute/dir_25119/condor_exec.exe 168 1
25573 ?        SN     0:18                      \_ /bin/bash /var/condor/execute/dir_24899/glide_HG0icl/execute/dir_25119/crabWatchdog.sh
26020 ?        SN     0:00                      \_ /usr/bin/time -f %U %S %P -o cpu_timing.txt cmsRun -j /var/condor/execute/dir_24899/glide_HG0icl/execute/dir_25119/crab_fjr_168.xml -p pset.py
26021 ?        SNl  197:39                          \_ cmsRun -j /var/condor/execute/dir_24899/glide_HG0icl/execute/dir_25119/crab_fjr_168.xml -p pset.py
 Sent TERM to: PID 26021 executing: cmsRun -j /var/condor/execute/dir_24899/glide_HG0icl/execute/dir_25119/crab_fjr_168.xml -p pset.py
 Sent TERM to: PID 26020 executing: /usr/bin/time -f %U %S %P -o cpu_timing.txt cmsRun -j /var/condor/execute/dir_24899/glide_HG0icl/execute/dir_25119/crab_fjr_168.xml -p pset.py
 Wait 30 sec to let processes close up ...
 OK. Process 26021 is gone
 OK. Process 26020 is gone
Finally gently signal CrabWrapper with USR2
Process cleanup completed, crabWatchdog.sh exiting
********** WATCHDOG LOG ENDED
ZIPPING WATCHDOG LOG
Disk space used:
du -sh /var/condor/execute/dir_24899/glide_HG0icl/execute/dir_25119
60M	/var/condor/execute/dir_24899/glide_HG0icl/execute/dir_25119
Found unusual stdout, rename for OSB
`/var/condor/execute/dir_24899/glide_HG0icl/execute/dir_25119/_condor_stdout' -> `CMSSW_168.stdout'
Found unusual stderr, rename for OSB
`/var/condor/execute/dir_24899/glide_HG0icl/execute/dir_25119/_condor_stdout' -> `CMSSW_168.stderr'
crab_fjr_168.xml
CMSSW_168.stdout
CMSSW_168.stderr
Watchdog_168.log.gz
Total Output dimension: 16414
WARNING: output files size limit is set to: 50000000
Total Output dimension 16414 is fine.
JOB_EXIT_STATUS = 50664
>>> info for dashboard:
***** Cat /var/condor/execute/dir_24899/glide_HG0icl/execute/dir_25119/jobreport.txt *****
MonitorJobID=168_https://submit-4.t2.ucsd.edu//141104//521611.167
MonitorID=bpollack_DoubleEl_2012B_7z40te
ExeEnd=cmsRun
CrabUserCpuTime=
CrabSysCpuTime=
CrabCpuPercentage=
CrabWrapperTime=78707
CrabStageoutTime=NULL
JobExitCode=50664
***** End Cat jobreport *****
Parameters sent to Dashboard.
EXITING at Wed Nov  5 11:08:00 CST 2014  -  Wed Nov  5 17:08:00 UTC 2014
