This script was generated by crab (version 2.11.1).
Running /tmp/glide_r2TbIf/execute/dir_56676/condor_exec.exe with 2 positional parameters: 281 1
Today is Thu Nov  6 14:28:43 EST 2014 - Thu Nov  6 19:28:43 UTC 2014
Job submitted on host hansen-a025.rcac.purdue.edu
Linux hansen-a025.rcac.purdue.edu 2.6.32-431.29.2.el6.x86_64 #1 SMP Sun Jul 27 15:55:46 EDT 2014 x86_64 x86_64 x86_64 GNU/Linux
Distributor ID:	RedHatEnterpriseServer
Description:	Red Hat Enterprise Linux Server release 6.5 (Santiago)
>>> current directory (RUNTIME_AREA): /tmp/glide_r2TbIf/execute/dir_56676
>>> current user: uid=325232(cms0997) gid=772(osgusers) groups=772(osgusers),2670(cmsgrid9),59104(glexec04)
>>> directory permission set to 0700
>>> umask set to:  u=rwx,g=,o=
>>> stdout stderr permission set to 0704
>>> voms proxy information:
subject   : /DC=ch/DC=cern/OU=Organic Units/OU=Users/CN=bpollack/CN=696641/CN=Brian Pollack/CN=780444926/CN=300698113
issuer    : /DC=ch/DC=cern/OU=Organic Units/OU=Users/CN=bpollack/CN=696641/CN=Brian Pollack/CN=780444926
identity  : /DC=ch/DC=cern/OU=Organic Units/OU=Users/CN=bpollack/CN=696641/CN=Brian Pollack/CN=780444926
type      : RFC compliant proxy
strength  : 1024 bits
path      : /tmp/glide_r2TbIf/execute/dir_56676/x509up_u44397
timeleft  : 23:59:54
key usage : Digital Signature, Key Encipherment, Data Encipherment
=== VO cms extension information ===
VO        : cms
subject   : /DC=ch/DC=cern/OU=Organic Units/OU=Users/CN=bpollack/CN=696641/CN=Brian Pollack
issuer    : /DC=ch/DC=cern/OU=computers/CN=lcg-voms.cern.ch
attribute : /cms/Role=NULL/Capability=NULL
attribute : /cms/uscms/Role=NULL/Capability=NULL
timeleft  : 191:30:49
uri       : lcg-voms.cern.ch:15002
WNHostName=hansen-a025.rcac.purdue.edu
$_CONDOR_JOB_AD =/tmp/glide_r2TbIf/execute/dir_56676/.job.ad
OverflowFlag=0
>>> tar --no-same-permissions -xf /tmp/glide_r2TbIf/execute/dir_56676/default.tgz :
Successful untar
>>> Include /tmp/glide_r2TbIf/execute/dir_56676 in PYTHONPATH:
strip arguments
env var CRAB_UNIQUE_JOB_ID set to: bpollack_DYToEE_M-20_d29y5h_281_1_ovY
out_files_281
>>> list of expected files on output sandbox
output files: crab_fjr_281.xml CMSSW_281.stdout CMSSW_281.stderr Watchdog_281.log.gz
>>> GridFlavour discovery: 
source OSG GRID setup script
GridFlavour=OSG
>>> SyncSite discovery: 
SyncSite=T2_US_Purdue
>>> SyncCE discovery: 
getting SyncCE from OSG_JOB_CONTACT
SyncCE=hansen-osg.rcac.purdue.edu/jobmanager-pbs
>>> info for dashboard:
***** Cat /tmp/glide_r2TbIf/execute/dir_56676/jobreport.txt *****
WNHostName=hansen-a025.rcac.purdue.edu
OverflowFlag=0
MonitorJobID=281_https://hcc-crabserver.unl.edu//141106//224725.86
SyncGridJobId=https://hcc-crabserver.unl.edu//141106//224725.86
MonitorID=bpollack_DYToEE_M-20_d29y5h
GridFlavour=OSG
SyncSite=T2_US_Purdue
SyncCE=hansen-osg.rcac.purdue.edu/jobmanager-pbs
***** End Cat jobreport *****
Parameters sent to Dashboard.
>>> setup environment
set SCRAM ARCH to slc5_amd64_gcc462
SCRAM_ARCH = slc5_amd64_gcc462
>>> Created working directory: /tmp/glide_r2TbIf/execute/dir_56676/cms_hCzMkrJg47XS
Change to working directory: /tmp/glide_r2TbIf/execute/dir_56676/cms_hCzMkrJg47XS
>>> current directory (WORKING_DIR): /tmp/glide_r2TbIf/execute/dir_56676/cms_hCzMkrJg47XS
>>> setup CMS OSG environment:
set SCRAM ARCH to slc5_amd64_gcc462
SCRAM_ARCH = slc5_amd64_gcc462
OSG_APP is /apps/osg
CVMSF = 
/cvmfs/ is
ls /
apps
archive
bin
boot
cgroup
cvmfs
depot
dev
etc
gpfs
group
grp
home
lib
lib64
lost+found
media
misc
mnt
net
opt
proc
root
sbin
scratch
selinux
srv
sys
tmp
usr
var
ls /cvmfs
cms.cern.ch
oasis.opensciencegrid.org
ls /cvmfs/cms.cern.ch
ls: cannot access /cvmfs/cms.cern.ch/cmsset*: No such file or directory
ls: cannot access /cvmfs/cms.cern.ch/cmsset_default.sh: No such file or directory
ERROR ==> cmsset_default.sh file not found
CrabWrapper EXIT_FUNC entered at Thu Nov  6 14:28:47 EST 2014   -  Thu Nov  6 19:28:47 UTC 2014
Checking output files:  
will tar file crab_fjr_281.xml in  out_files_281
WARNING: output file CMSSW_281.stdout not found!
WARNING: output file CMSSW_281.stderr not found!
WARNING: output file Watchdog_281.log.gz not found!
>>> working dir = /tmp/glide_r2TbIf/execute/dir_56676/cms_hCzMkrJg47XS
>>> current directory (RUNTIME_AREA): /tmp/glide_r2TbIf/execute/dir_56676
>>> Remove working directory: /tmp/glide_r2TbIf/execute/dir_56676/cms_hCzMkrJg47XS
/tmp/glide_r2TbIf/execute/dir_56676/condor_exec.exe: line 156: symlinks: command not found
>>> padding time: Sleeping the wrapper for 598 seconds
STOPPING WATCHDOG. CrabWatchdog PID is 
kill: usage: kill [-s sigspec | -n signum | -sigspec] pid | jobspec ... or kill -l [sigspec]
********** LAST 50 LINES OF WATCHDOG LOG
tail: cannot open `Watchdog_281.log' for reading: No such file or directory
********** WATCHDOG LOG ENDED
ZIPPING WATCHDOG LOG
gzip: Watchdog_281.log: No such file or directory
Disk space used:
du -sh /tmp/glide_r2TbIf/execute/dir_56676
298M	/tmp/glide_r2TbIf/execute/dir_56676
Found unusual stdout, rename for OSB
`/tmp/glide_r2TbIf/execute/dir_56676/_condor_stdout' -> `CMSSW_281.stdout'
Found unusual stderr, rename for OSB
`/tmp/glide_r2TbIf/execute/dir_56676/_condor_stdout' -> `CMSSW_281.stderr'
crab_fjr_281.xml
CMSSW_281.stdout
CMSSW_281.stderr
tar: Watchdog_281.log.gz: Cannot stat: No such file or directory
tar: Exiting with failure status due to previous errors
Total Output dimension: 2513
WARNING: output files size limit is set to: 50000000
Total Output dimension 2513 is fine.
JOB_EXIT_STATUS = 10020
>>> info for dashboard:
***** Cat /tmp/glide_r2TbIf/execute/dir_56676/jobreport.txt *****
MonitorJobID=281_https://hcc-crabserver.unl.edu//141106//224725.86
MonitorID=bpollack_DYToEE_M-20_d29y5h
CrabUserCpuTime=
CrabSysCpuTime=
CrabCpuPercentage=
CrabWrapperTime=600
CrabStageoutTime=NULL
JobExitCode=10020
***** End Cat jobreport *****
Parameters sent to Dashboard.
EXITING at Thu Nov  6 14:38:46 EST 2014  -  Thu Nov  6 19:38:46 UTC 2014
