This script was generated by crab (version 2.11.1).
Running /var/condor/.execute-links/slot18/dir_5630/glide_fPFxNx/execute/dir_20587/condor_exec.exe with 2 positional parameters: 91 2
Today is Tue Nov  4 13:37:37 CST 2014 - Tue Nov  4 19:37:37 UTC 2014
Job submitted on host g27n17.hep.wisc.edu
Linux g27n17.hep.wisc.edu 2.6.32-431.17.1.el6.x86_64 #1 SMP Wed May 7 14:14:17 CDT 2014 x86_64 x86_64 x86_64 GNU/Linux
Distributor ID:	Scientific
Description:	Scientific Linux release 6.5 (Carbon)
>>> current directory (RUNTIME_AREA): /var/condor/execute/dir_5630/glide_fPFxNx/execute/dir_20587
>>> current user: uid=2541(osg_cmsuser1550) gid=622(osg_uscms01) groups=622(osg_uscms01),65011(glexec11) context=system_u:system_r:condor_startd_t:s0
>>> directory permission set to 0700
>>> umask set to:  u=rwx,g=,o=
>>> stdout stderr permission set to 0704
>>> voms proxy information:
subject   : /DC=ch/DC=cern/OU=Organic Units/OU=Users/CN=bpollack/CN=696641/CN=Brian Pollack/CN=780444926/CN=578063285
issuer    : /DC=ch/DC=cern/OU=Organic Units/OU=Users/CN=bpollack/CN=696641/CN=Brian Pollack/CN=780444926
identity  : /DC=ch/DC=cern/OU=Organic Units/OU=Users/CN=bpollack/CN=696641/CN=Brian Pollack/CN=780444926
type      : RFC compliant proxy
strength  : 1024 bits
path      : /var/condor/.execute-links/slot18/dir_5630/glide_fPFxNx/execute/dir_20587/x509up_u44397
timeleft  : 23:57:32
key usage : Digital Signature, Key Encipherment, Data Encipherment
=== VO cms extension information ===
VO        : cms
subject   : /DC=ch/DC=cern/OU=Organic Units/OU=Users/CN=bpollack/CN=696641/CN=Brian Pollack
issuer    : /DC=ch/DC=cern/OU=computers/CN=lcg-voms.cern.ch
attribute : /cms/Role=NULL/Capability=NULL
attribute : /cms/uscms/Role=NULL/Capability=NULL
timeleft  : 191:27:59
uri       : lcg-voms.cern.ch:15002
WNHostName=g27n17.hep.wisc.edu
$_CONDOR_JOB_AD =/var/condor/.execute-links/slot18/dir_5630/glide_fPFxNx/execute/dir_20587/.job.ad
OverflowFlag=0
>>> tar --no-same-permissions -xf /var/condor/execute/dir_5630/glide_fPFxNx/execute/dir_20587/default.tgz :
Successful untar
>>> Include /var/condor/execute/dir_5630/glide_fPFxNx/execute/dir_20587 in PYTHONPATH:
strip arguments
env var CRAB_UNIQUE_JOB_ID set to: bpollack_DoubleEl_2012C_jah659_91_2_dXN
out_files_91
>>> list of expected files on output sandbox
output files: crab_fjr_91.xml CMSSW_91.stdout CMSSW_91.stderr Watchdog_91.log.gz
>>> GridFlavour discovery: 
source OSG GRID setup script
GridFlavour=OSG
>>> SyncSite discovery: 
SyncSite=T2_US_Wisconsin
>>> SyncCE discovery: 
getting SyncCE from OSG_JOB_CONTACT
SyncCE=cmsgrid02.hep.wisc.edu/jobmanager-condor
>>> info for dashboard:
***** Cat /var/condor/execute/dir_5630/glide_fPFxNx/execute/dir_20587/jobreport.txt *****
WNHostName=g27n17.hep.wisc.edu
OverflowFlag=0
MonitorJobID=91_https://submit-6.t2.ucsd.edu//141104//474752.90
SyncGridJobId=https://submit-6.t2.ucsd.edu//141104//474752.90
MonitorID=bpollack_DoubleEl_2012C_jah659
GridFlavour=OSG
SyncSite=T2_US_Wisconsin
SyncCE=cmsgrid02.hep.wisc.edu/jobmanager-condor
***** End Cat jobreport *****
Parameters sent to Dashboard.
>>> setup environment
set SCRAM ARCH to slc5_amd64_gcc462
SCRAM_ARCH = slc5_amd64_gcc462
>>> Created working directory: /var/condor/execute/dir_5630/glide_fPFxNx/execute/dir_20587/cms_TYBnn4TPGNej
Change to working directory: /var/condor/execute/dir_5630/glide_fPFxNx/execute/dir_20587/cms_TYBnn4TPGNej
>>> current directory (WORKING_DIR): /var/condor/execute/dir_5630/glide_fPFxNx/execute/dir_20587/cms_TYBnn4TPGNej
>>> setup CMS OSG environment:
set SCRAM ARCH to slc5_amd64_gcc462
SCRAM_ARCH = slc5_amd64_gcc462
OSG_APP is /cvmfs/cms.hep.wisc.edu/osg/app
sourcing /cvmfs/cms.hep.wisc.edu/osg/app/cmssoft/cms/cmsset_default.sh ...
==> setup cms environment ok
SCRAM_ARCH = slc5_amd64_gcc462
>>> specific cmssw setup environment:
CMSSW_VERSION =  CMSSW_5_3_13_patch3
WARNING: Developer's area is created for architecture slc5_amd64_gcc462 while your current OS is SLC6.
>>> current directory (SOFTWARE_DIR): /var/condor/execute/dir_5630/glide_fPFxNx/execute/dir_20587/cms_TYBnn4TPGNej/CMSSW_5_3_13_patch3
PreserveSeeds: <>
IncrementSeeds:<>
>>> info for dashboard:
***** Cat /var/condor/execute/dir_5630/glide_fPFxNx/execute/dir_20587/jobreport.txt *****
MonitorJobID=91_https://submit-6.t2.ucsd.edu//141104//474752.90
MonitorID=bpollack_DoubleEl_2012C_jah659
***** End Cat jobreport *****
Parameters sent to Dashboard.
crabWatchdog started as process 36324
>>> moving CMSSW software directories in /var/condor/execute/dir_5630/glide_fPFxNx/execute/dir_20587/cms_TYBnn4TPGNej/CMSSW_5_3_13_patch3
mv: cannot stat `/var/condor/execute/dir_5630/glide_fPFxNx/execute/dir_20587/module/': No such file or directory
>>> Include /var/condor/execute/dir_5630/glide_fPFxNx/execute/dir_20587 in PYTHONPATH:
PYTHONPATH=/var/condor/execute/dir_5630/glide_fPFxNx/execute/dir_20587/:/var/condor/execute/dir_5630/glide_fPFxNx/execute/dir_20587/cms_TYBnn4TPGNej/CMSSW_5_3_13_patch3/python:/var/condor/execute/dir_5630/glide_fPFxNx/execute/dir_20587/cms_TYBnn4TPGNej/CMSSW_5_3_13_patch3/lib/slc5_amd64_gcc462:/cvmfs/cms.cern.ch/slc5_amd64_gcc462/cms/cmssw-patch/CMSSW_5_3_13_patch3/python:/cvmfs/cms.cern.ch/slc5_amd64_gcc462/cms/cmssw-patch/CMSSW_5_3_13_patch3/lib/slc5_amd64_gcc462:/cvmfs/cms.cern.ch/slc5_amd64_gcc462/cms/cmssw/CMSSW_5_3_13/bin/slc5_amd64_gcc462:/cvmfs/cms.cern.ch/slc5_amd64_gcc462/cms/cmssw/CMSSW_5_3_13/lib/slc5_amd64_gcc462:/cvmfs/cms.cern.ch/slc5_amd64_gcc462/cms/coral/CORAL_2_3_21-cms38/slc5_amd64_gcc462/python:/cvmfs/cms.cern.ch/slc5_amd64_gcc462/cms/coral/CORAL_2_3_21-cms38/slc5_amd64_gcc462/lib:/cvmfs/cms.cern.ch/slc5_amd64_gcc462/external/pyqt/4.8.1/lib/python2.6/site-packages:/cvmfs/cms.cern.ch/slc5_amd64_gcc462/external/py2-scipy/0.8.0/lib/python2.6/site-packages:/cvmfs/cms.cern.ch/slc5_amd64_gcc462/external/py2-matplotlib/1.0.1/lib/python2.6/site-packages:/cvmfs/cms.cern.ch/slc5_amd64_gcc462/external/python-ldap/2.3.5/lib/python2.6/site-packages:/cvmfs/cms.cern.ch/slc5_amd64_gcc462/external/sip/4.11.2/lib/python2.6/site-packages:/cvmfs/cms.cern.ch/slc5_amd64_gcc462/external/py2-pycurl/7.19.0/lib/python2.6/site-packages:/cvmfs/cms.cern.ch/slc5_amd64_gcc462/external/py2-numpy/1.6.1/lib/python2.6/site-packages:/cvmfs/cms.cern.ch/slc5_amd64_gcc462/external/py2-ipython/0.10/lib/python2.6/site-packages:/cvmfs/cms.cern.ch/slc5_amd64_gcc462/external/py2-cx-oracle/5.1-cms11/lib/python2.6/site-packages:/cvmfs/cms.cern.ch/slc5_amd64_gcc462/external/py2-cjson/1.0.5/lib/python2.6/site-packages:/cvmfs/cms.cern.ch/slc5_amd64_gcc462/cms/das-client/1.9.5/bin:/cvmfs/cms.cern.ch/slc5_amd64_gcc462/external/elementtree/1.2.6/share/lib/python2.6/site-packages:/cvmfs/cms.cern.ch/slc5_amd64_gcc462/external/rivet/1.8.2/lib/python2.6/site-packages:/cvmfs/cms.cern.ch/slc5_amd64_gcc462/external/pyminuit2/0.0.1-cms39/lib/python2.6/site-packages:/cvmfs/cms.cern.ch/slc5_amd64_gcc462/external/professor/1.0.0-cms40/lib/python2.6/site-packages:/cvmfs/cms.cern.ch/slc5_amd64_gcc462/lcg/root/5.32.00-cms21/lib:/cvmfs/cms.cern.ch/slc5_amd64_gcc462/cms/dbs-client/DBS_2_1_9-cms3/lib:/cvmfs/cms.cern.ch/slc5_amd64_gcc462/cms/dbs-client/DBS_2_1_9-cms3/lib/DBSAPI:/cvmfs/cms.cern.ch/slc5_amd64_gcc462/external/cvs2git/5419/lib:/var/condor/execute/dir_5630/glide_fPFxNx/execute/dir_20587/
 
# LIMITS USED BY CRAB WATCHDOG:
# RSS  (KBytes)   : 2300000
# VSZ  (KBytes)   : 100000000
# DISK (MBytes)   : 19000
# CPU TIME        : 720h:0m:0s
# WALL CLOCK TIME : 21h:50m:0s
 
5752d28f8b4b39d632270e5775070e10
PSETHASH = 5752d28f8b4b39d632270e5775070e10
/var/condor/execute/dir_5630/glide_fPFxNx/execute/dir_20587/writeCfg.py pset.py pset.py
Importing .py file
Setting parameters
RandomNumberGeneratorService found, will attempt to change seeds
inputBlocks=/DoubleElectron/Run2012C-22Jan2013-v1/AOD#44bf4bc2-6879-11e2-a7eb-00221959e72f
inputFiles=/store/data/Run2012C/DoubleElectron/AOD/22Jan2013-v1/20001/CCFF5B4C-8068-E211-B887-003048678B30.root;/store/data/Run2012C/DoubleElectron/AOD/22Jan2013-v1/20001/A85672F9-5C68-E211-A465-0026189438B9.root
parentFiles=
lumisRange=198215:1-198215:12;198269:162-198269:163;198487:31-198487:32;198487:66-198487:68;198487:91-198487:93;198487:359-198487:361;198487:441;198487:549;198487:600-198487:603;198487:657-198487:660;198487:1502-198487:1503;199021:1464-199021:1468;199319:251-199319:252;199319:438-199319:440;199319:451-199319:453;199319:525;199319:536;199319:541;199336:42-199336:43;199336:172;199336:177;199435:298;199435:307;199435:442-199435:444;199435:484-199435:486;199754:305;199754:307-199754:309;199754:392;199754:397;199754:409-199754:410
>>> Executable cmsRun
/cvmfs/cms.cern.ch/slc5_amd64_gcc462/cms/cmssw/CMSSW_5_3_13/bin/slc5_amd64_gcc462/cmsRun
ok executable found
>>> info for dashboard:
***** Cat /var/condor/execute/dir_5630/glide_fPFxNx/execute/dir_20587/jobreport.txt *****
MonitorJobID=91_https://submit-6.t2.ucsd.edu//141104//474752.90
MonitorID=bpollack_DoubleEl_2012C_jah659
ExeStart=cmsRun
***** End Cat jobreport *****
Parameters sent to Dashboard.
>>> cmsRun started at Tue Nov  4 19:37:53 UTC 2014
>>> cmsRun ended at Tue Nov  4 19:44:12 UTC 2014
>>> crab_fjr_*.xml  permission set to 0704
>>> info for dashboard:
***** Cat /var/condor/execute/dir_5630/glide_fPFxNx/execute/dir_20587/jobreport.txt *****
MonitorJobID=91_https://submit-6.t2.ucsd.edu//141104//474752.90
MonitorID=bpollack_DoubleEl_2012C_jah659
ExeEnd=cmsRun
***** End Cat jobreport *****
/usr/bin/env: python: Transport endpoint is not connected
TIME_EXE = 379 sec
>>> cmsRun wrote 151 lines of stdout+stderr
>>> START OF printout of 151 lines from stdout+stderr
04-Nov-2014 13:38:18 CST  Initiating request to open file root://cmsxrootd.hep.wisc.edu//store/data/Run2012C/DoubleElectron/AOD/22Jan2013-v1/20001/CCFF5B4C-8068-E211-B887-003048678B30.root
141104 13:38:18 39019 Xrd: GoToAnotherServer: Going to: g14n04.hep.wisc.edu:31094
04-Nov-2014 13:38:19 CST  Successfully opened file root://cmsxrootd.hep.wisc.edu//store/data/Run2012C/DoubleElectron/AOD/22Jan2013-v1/20001/CCFF5B4C-8068-E211-B887-003048678B30.root

Watch modules:     
Ignore modules:    PhotonConversionTrajectorySeedProducerFromSingleLeg:photonConvTrajSeedFromSingleLeg, SeedGeneratorFromRegionHitsEDProducer:regionalCosmicTrackerSeeds, 
Ignore categories: 
Watch categories:  TooManyClusters, 
 Finished initialization 
[CalibratedGsfElectronProducer] Correcting scale for dataset 22Jan2013ReReco
--- Reader                   : Booking "BDT" of type "BDT" from /var/condor/execute/dir_5630/glide_fPFxNx/execute/dir_20587/cms_TYBnn4TPGNej/CMSSW_5_3_13_patch3/src/EgammaAnalysis/ElectronTools/data/Electrons_BDTG_TrigV0_Cat1.weights.xml.
--- MethodBase               : Reading weight file: /var/condor/execute/dir_5630/glide_fPFxNx/execute/dir_20587/cms_TYBnn4TPGNej/CMSSW_5_3_13_patch3/src/EgammaAnalysis/ElectronTools/data/Electrons_BDTG_TrigV0_Cat1.weights.xml
--- BDT                      : Read method "BDT" of type "BDT"
--- BDT                      : MVA method was trained with TMVA Version: 4.0.7
--- BDT                      : MVA method was trained with ROOT Version: 5.27/06
--- Reader                   : Booked classifier "BDT" of type: "BDT"
MVABin 0 : MethodName = BDT , type == 0 , Load weights file : /var/condor/execute/dir_5630/glide_fPFxNx/execute/dir_20587/cms_TYBnn4TPGNej/CMSSW_5_3_13_patch3/src/EgammaAnalysis/ElectronTools/data/Electrons_BDTG_TrigV0_Cat1.weights.xml
--- Reader                   : Booking "BDT" of type "BDT" from /var/condor/execute/dir_5630/glide_fPFxNx/execute/dir_20587/cms_TYBnn4TPGNej/CMSSW_5_3_13_patch3/src/EgammaAnalysis/ElectronTools/data/Electrons_BDTG_TrigV0_Cat2.weights.xml.
--- MethodBase               : Reading weight file: /var/condor/execute/dir_5630/glide_fPFxNx/execute/dir_20587/cms_TYBnn4TPGNej/CMSSW_5_3_13_patch3/src/EgammaAnalysis/ElectronTools/data/Electrons_BDTG_TrigV0_Cat2.weights.xml
--- BDT                      : Read method "BDT" of type "BDT"
--- BDT                      : MVA method was trained with TMVA Version: 4.0.7
--- BDT                      : MVA method was trained with ROOT Version: 5.27/06
--- Reader                   : Booked classifier "BDT" of type: "BDT"
MVABin 1 : MethodName = BDT , type == 0 , Load weights file : /var/condor/execute/dir_5630/glide_fPFxNx/execute/dir_20587/cms_TYBnn4TPGNej/CMSSW_5_3_13_patch3/src/EgammaAnalysis/ElectronTools/data/Electrons_BDTG_TrigV0_Cat2.weights.xml
--- Reader                   : Booking "BDT" of type "BDT" from /var/condor/execute/dir_5630/glide_fPFxNx/execute/dir_20587/cms_TYBnn4TPGNej/CMSSW_5_3_13_patch3/src/EgammaAnalysis/ElectronTools/data/Electrons_BDTG_TrigV0_Cat3.weights.xml.
--- MethodBase               : Reading weight file: /var/condor/execute/dir_5630/glide_fPFxNx/execute/dir_20587/cms_TYBnn4TPGNej/CMSSW_5_3_13_patch3/src/EgammaAnalysis/ElectronTools/data/Electrons_BDTG_TrigV0_Cat3.weights.xml
--- BDT                      : Read method "BDT" of type "BDT"
--- BDT                      : MVA method was trained with TMVA Version: 4.0.7
--- BDT                      : MVA method was trained with ROOT Version: 5.27/06
--- Reader                   : Booked classifier "BDT" of type: "BDT"
MVABin 2 : MethodName = BDT , type == 0 , Load weights file : /var/condor/execute/dir_5630/glide_fPFxNx/execute/dir_20587/cms_TYBnn4TPGNej/CMSSW_5_3_13_patch3/src/EgammaAnalysis/ElectronTools/data/Electrons_BDTG_TrigV0_Cat3.weights.xml
--- Reader                   : Booking "BDT" of type "BDT" from /var/condor/execute/dir_5630/glide_fPFxNx/execute/dir_20587/cms_TYBnn4TPGNej/CMSSW_5_3_13_patch3/src/EgammaAnalysis/ElectronTools/data/Electrons_BDTG_TrigV0_Cat4.weights.xml.
--- MethodBase               : Reading weight file: /var/condor/execute/dir_5630/glide_fPFxNx/execute/dir_20587/cms_TYBnn4TPGNej/CMSSW_5_3_13_patch3/src/EgammaAnalysis/ElectronTools/data/Electrons_BDTG_TrigV0_Cat4.weights.xml
--- BDT                      : Read method "BDT" of type "BDT"
--- BDT                      : MVA method was trained with TMVA Version: 4.0.7
--- BDT                      : MVA method was trained with ROOT Version: 5.27/06
--- Reader                   : Booked classifier "BDT" of type: "BDT"
MVABin 3 : MethodName = BDT , type == 0 , Load weights file : /var/condor/execute/dir_5630/glide_fPFxNx/execute/dir_20587/cms_TYBnn4TPGNej/CMSSW_5_3_13_patch3/src/EgammaAnalysis/ElectronTools/data/Electrons_BDTG_TrigV0_Cat4.weights.xml
--- Reader                   : Booking "BDT" of type "BDT" from /var/condor/execute/dir_5630/glide_fPFxNx/execute/dir_20587/cms_TYBnn4TPGNej/CMSSW_5_3_13_patch3/src/EgammaAnalysis/ElectronTools/data/Electrons_BDTG_TrigV0_Cat5.weights.xml.
--- MethodBase               : Reading weight file: /var/condor/execute/dir_5630/glide_fPFxNx/execute/dir_20587/cms_TYBnn4TPGNej/CMSSW_5_3_13_patch3/src/EgammaAnalysis/ElectronTools/data/Electrons_BDTG_TrigV0_Cat5.weights.xml
--- BDT                      : Read method "BDT" of type "BDT"
--- BDT                      : MVA method was trained with TMVA Version: 4.0.7
--- BDT                      : MVA method was trained with ROOT Version: 5.27/06
--- Reader                   : Booked classifier "BDT" of type: "BDT"
MVABin 4 : MethodName = BDT , type == 0 , Load weights file : /var/condor/execute/dir_5630/glide_fPFxNx/execute/dir_20587/cms_TYBnn4TPGNej/CMSSW_5_3_13_patch3/src/EgammaAnalysis/ElectronTools/data/Electrons_BDTG_TrigV0_Cat5.weights.xml
--- Reader                   : Booking "BDT" of type "BDT" from /var/condor/execute/dir_5630/glide_fPFxNx/execute/dir_20587/cms_TYBnn4TPGNej/CMSSW_5_3_13_patch3/src/EgammaAnalysis/ElectronTools/data/Electrons_BDTG_TrigV0_Cat6.weights.xml.
--- MethodBase               : Reading weight file: /var/condor/execute/dir_5630/glide_fPFxNx/execute/dir_20587/cms_TYBnn4TPGNej/CMSSW_5_3_13_patch3/src/EgammaAnalysis/ElectronTools/data/Electrons_BDTG_TrigV0_Cat6.weights.xml
--- BDT                      : Read method "BDT" of type "BDT"
--- BDT                      : MVA method was trained with TMVA Version: 4.0.7
--- BDT                      : MVA method was trained with ROOT Version: 5.27/06
--- Reader                   : Booked classifier "BDT" of type: "BDT"
MVABin 5 : MethodName = BDT , type == 0 , Load weights file : /var/condor/execute/dir_5630/glide_fPFxNx/execute/dir_20587/cms_TYBnn4TPGNej/CMSSW_5_3_13_patch3/src/EgammaAnalysis/ElectronTools/data/Electrons_BDTG_TrigV0_Cat6.weights.xml
Electron ID MVA Completed
--- Reader                   : Booking "BDT" of type "BDT" from /var/condor/execute/dir_5630/glide_fPFxNx/execute/dir_20587/cms_TYBnn4TPGNej/CMSSW_5_3_13_patch3/src/EgammaAnalysis/ElectronTools/data/Electrons_BDTG_NonTrigV0_Cat1.weights.xml.
--- MethodBase               : Reading weight file: /var/condor/execute/dir_5630/glide_fPFxNx/execute/dir_20587/cms_TYBnn4TPGNej/CMSSW_5_3_13_patch3/src/EgammaAnalysis/ElectronTools/data/Electrons_BDTG_NonTrigV0_Cat1.weights.xml
--- BDT                      : Read method "BDT" of type "BDT"
--- BDT                      : MVA method was trained with TMVA Version: 4.0.7
--- BDT                      : MVA method was trained with ROOT Version: 5.27/06
--- Reader                   : Booked classifier "BDT" of type: "BDT"
MVABin 0 : MethodName = BDT , type == 2 , Load weights file : /var/condor/execute/dir_5630/glide_fPFxNx/execute/dir_20587/cms_TYBnn4TPGNej/CMSSW_5_3_13_patch3/src/EgammaAnalysis/ElectronTools/data/Electrons_BDTG_NonTrigV0_Cat1.weights.xml
--- Reader                   : Booking "BDT" of type "BDT" from /var/condor/execute/dir_5630/glide_fPFxNx/execute/dir_20587/cms_TYBnn4TPGNej/CMSSW_5_3_13_patch3/src/EgammaAnalysis/ElectronTools/data/Electrons_BDTG_NonTrigV0_Cat2.weights.xml.
--- MethodBase               : Reading weight file: /var/condor/execute/dir_5630/glide_fPFxNx/execute/dir_20587/cms_TYBnn4TPGNej/CMSSW_5_3_13_patch3/src/EgammaAnalysis/ElectronTools/data/Electrons_BDTG_NonTrigV0_Cat2.weights.xml
--- BDT                      : Read method "BDT" of type "BDT"
--- BDT                      : MVA method was trained with TMVA Version: 4.0.7
--- BDT                      : MVA method was trained with ROOT Version: 5.27/06
--- Reader                   : Booked classifier "BDT" of type: "BDT"
MVABin 1 : MethodName = BDT , type == 2 , Load weights file : /var/condor/execute/dir_5630/glide_fPFxNx/execute/dir_20587/cms_TYBnn4TPGNej/CMSSW_5_3_13_patch3/src/EgammaAnalysis/ElectronTools/data/Electrons_BDTG_NonTrigV0_Cat2.weights.xml
--- Reader                   : Booking "BDT" of type "BDT" from /var/condor/execute/dir_5630/glide_fPFxNx/execute/dir_20587/cms_TYBnn4TPGNej/CMSSW_5_3_13_patch3/src/EgammaAnalysis/ElectronTools/data/Electrons_BDTG_NonTrigV0_Cat3.weights.xml.
--- MethodBase               : Reading weight file: /var/condor/execute/dir_5630/glide_fPFxNx/execute/dir_20587/cms_TYBnn4TPGNej/CMSSW_5_3_13_patch3/src/EgammaAnalysis/ElectronTools/data/Electrons_BDTG_NonTrigV0_Cat3.weights.xml
--- BDT                      : Read method "BDT" of type "BDT"
--- BDT                      : MVA method was trained with TMVA Version: 4.0.7
--- BDT                      : MVA method was trained with ROOT Version: 5.27/06
--- Reader                   : Booked classifier "BDT" of type: "BDT"
MVABin 2 : MethodName = BDT , type == 2 , Load weights file : /var/condor/execute/dir_5630/glide_fPFxNx/execute/dir_20587/cms_TYBnn4TPGNej/CMSSW_5_3_13_patch3/src/EgammaAnalysis/ElectronTools/data/Electrons_BDTG_NonTrigV0_Cat3.weights.xml
--- Reader                   : Booking "BDT" of type "BDT" from /var/condor/execute/dir_5630/glide_fPFxNx/execute/dir_20587/cms_TYBnn4TPGNej/CMSSW_5_3_13_patch3/src/EgammaAnalysis/ElectronTools/data/Electrons_BDTG_NonTrigV0_Cat4.weights.xml.
--- MethodBase               : Reading weight file: /var/condor/execute/dir_5630/glide_fPFxNx/execute/dir_20587/cms_TYBnn4TPGNej/CMSSW_5_3_13_patch3/src/EgammaAnalysis/ElectronTools/data/Electrons_BDTG_NonTrigV0_Cat4.weights.xml
--- BDT                      : Read method "BDT" of type "BDT"
--- BDT                      : MVA method was trained with TMVA Version: 4.0.7
--- BDT                      : MVA method was trained with ROOT Version: 5.27/06
--- Reader                   : Booked classifier "BDT" of type: "BDT"
MVABin 3 : MethodName = BDT , type == 2 , Load weights file : /var/condor/execute/dir_5630/glide_fPFxNx/execute/dir_20587/cms_TYBnn4TPGNej/CMSSW_5_3_13_patch3/src/EgammaAnalysis/ElectronTools/data/Electrons_BDTG_NonTrigV0_Cat4.weights.xml
--- Reader                   : Booking "BDT" of type "BDT" from /var/condor/execute/dir_5630/glide_fPFxNx/execute/dir_20587/cms_TYBnn4TPGNej/CMSSW_5_3_13_patch3/src/EgammaAnalysis/ElectronTools/data/Electrons_BDTG_NonTrigV0_Cat5.weights.xml.
--- MethodBase               : Reading weight file: /var/condor/execute/dir_5630/glide_fPFxNx/execute/dir_20587/cms_TYBnn4TPGNej/CMSSW_5_3_13_patch3/src/EgammaAnalysis/ElectronTools/data/Electrons_BDTG_NonTrigV0_Cat5.weights.xml
--- BDT                      : Read method "BDT" of type "BDT"
--- BDT                      : MVA method was trained with TMVA Version: 4.0.7
--- BDT                      : MVA method was trained with ROOT Version: 5.27/06
--- Reader                   : Booked classifier "BDT" of type: "BDT"
MVABin 4 : MethodName = BDT , type == 2 , Load weights file : /var/condor/execute/dir_5630/glide_fPFxNx/execute/dir_20587/cms_TYBnn4TPGNej/CMSSW_5_3_13_patch3/src/EgammaAnalysis/ElectronTools/data/Electrons_BDTG_NonTrigV0_Cat5.weights.xml
--- Reader                   : Booking "BDT" of type "BDT" from /var/condor/execute/dir_5630/glide_fPFxNx/execute/dir_20587/cms_TYBnn4TPGNej/CMSSW_5_3_13_patch3/src/EgammaAnalysis/ElectronTools/data/Electrons_BDTG_NonTrigV0_Cat6.weights.xml.
--- MethodBase               : Reading weight file: /var/condor/execute/dir_5630/glide_fPFxNx/execute/dir_20587/cms_TYBnn4TPGNej/CMSSW_5_3_13_patch3/src/EgammaAnalysis/ElectronTools/data/Electrons_BDTG_NonTrigV0_Cat6.weights.xml
--- BDT                      : Read method "BDT" of type "BDT"
--- BDT                      : MVA method was trained with TMVA Version: 4.0.7
--- BDT                      : MVA method was trained with ROOT Version: 5.27/06
--- Reader                   : Booked classifier "BDT" of type: "BDT"
MVABin 5 : MethodName = BDT , type == 2 , Load weights file : /var/condor/execute/dir_5630/glide_fPFxNx/execute/dir_20587/cms_TYBnn4TPGNej/CMSSW_5_3_13_patch3/src/EgammaAnalysis/ElectronTools/data/Electrons_BDTG_NonTrigV0_Cat6.weights.xml
Electron ID MVA Completed
Begin processing the 1st record. Run 198215, Event 77669, LumiSection 1 at 04-Nov-2014 13:38:42.427 CST
--- DataSetInfo              : Added class "data"	 with internal class number 0
--- DataSetInfo              : Added class "data"	 with internal class number 0
--- DataSetInfo              : Added class "data"	 with internal class number 0
--- DataSetInfo              : Added class "data"	 with internal class number 0
WARNING : did not find any valid track reference attached to the jet 
--- DataSetInfo              : Added class "data"	 with internal class number 0
--- DataSetInfo              : Added class "data"	 with internal class number 0
WARNING : did not find any valid track reference attached to the jet 
WARNING : did not find any valid track reference attached to the jet 
WARNING : did not find any valid track reference attached to the jet 
WARNING : did not find any valid track reference attached to the jet 
WARNING : did not find any valid track reference attached to the jet 
WARNING : did not find any valid track reference attached to the jet 
WARNING : did not find any valid track reference attached to the jet 
WARNING : did not find any valid track reference attached to the jet 
WARNING : did not find any valid track reference attached to the jet 
--- DataSetInfo              : Added class "data"	 with internal class number 0
--- DataSetInfo              : Added class "data"	 with internal class number 0
--- DataSetInfo              : Added class "data"	 with internal class number 0
--- DataSetInfo              : Added class "data"	 with internal class number 0
--- DataSetInfo              : Added class "data"	 with internal class number 0
--- DataSetInfo              : Added class "data"	 with internal class number 0
Begin processing the 101st record. Run 198215, Event 449113, LumiSection 1 at 04-Nov-2014 13:41:17.710 CST
Begin processing the 201st record. Run 198215, Event 991612, LumiSection 2 at 04-Nov-2014 13:41:25.714 CST
Begin processing the 301st record. Run 198215, Event 1241370, LumiSection 2 at 04-Nov-2014 13:41:34.625 CST
Begin processing the 401st record. Run 198215, Event 1918229, LumiSection 3 at 04-Nov-2014 13:41:42.436 CST
Begin processing the 501st record. Run 198215, Event 2107211, LumiSection 3 at 04-Nov-2014 13:41:52.156 CST
Begin processing the 601st record. Run 198215, Event 2911801, LumiSection 4 at 04-Nov-2014 13:42:01.852 CST
Begin processing the 701st record. Run 198215, Event 2759838, LumiSection 4 at 04-Nov-2014 13:42:11.112 CST
Begin processing the 801st record. Run 198215, Event 4101267, LumiSection 5 at 04-Nov-2014 13:42:19.249 CST
Begin processing the 901st record. Run 198215, Event 4078817, LumiSection 5 at 04-Nov-2014 13:42:27.819 CST
Begin processing the 1001st record. Run 198215, Event 4258754, LumiSection 6 at 04-Nov-2014 13:42:37.085 CST
Begin processing the 1101st record. Run 198215, Event 5544544, LumiSection 7 at 04-Nov-2014 13:42:46.211 CST
Begin processing the 1201st record. Run 198215, Event 5302301, LumiSection 7 at 04-Nov-2014 13:42:54.539 CST
Begin processing the 1301st record. Run 198215, Event 6589559, LumiSection 8 at 04-Nov-2014 13:43:04.586 CST
Begin processing the 1401st record. Run 198215, Event 6427241, LumiSection 8 at 04-Nov-2014 13:43:13.672 CST
Begin processing the 1501st record. Run 198215, Event 7231549, LumiSection 9 at 04-Nov-2014 13:43:21.249 CST
Begin processing the 1601st record. Run 198215, Event 6901626, LumiSection 9 at 04-Nov-2014 13:43:30.831 CST
Begin processing the 1701st record. Run 198215, Event 8262107, LumiSection 10 at 04-Nov-2014 13:43:39.010 CST
Begin processing the 1801st record. Run 198215, Event 7954757, LumiSection 10 at 04-Nov-2014 13:43:48.799 CST
Begin processing the 1901st record. Run 198215, Event 9088999, LumiSection 11 at 04-Nov-2014 13:43:58.996 CST
Begin processing the 2001st record. Run 198215, Event 8443265, LumiSection 11 at 04-Nov-2014 13:44:08.841 CST
%MSG-e FatalSystemSignal:   PFDisplacedVertexProducer:particleFlowDisplacedVertex 04-Nov-2014 13:44:12 CST  Run: 198269 Event: 255722821
A fatal system signal has occurred: bus error
%MSG


A fatal system signal has occurred: bus error
The following is the call stack containing the origin of the signal.
NOTE:The first few functions on the stack are artifacts of processing the signal and can be ignored

Error in <TUnixSystem::StackTrace> script /cvmfs/cms.cern.ch/slc5_amd64_gcc462/lcg/root/5.32.00-cms21/etc/gdb-backtrace.sh is missing

A fatal system signal has occurred: bus error
>>> END OF printout of 151 lines from stdout+stderr
>>> Parse FrameworkJobReport crab_fjr.xml
Result of parsing the FrameworkJobReport crab_fjr.xml: 50115
>>> crab_fjr.xml contents: 
<FrameworkJobReport>
<AnalysisFile>
  <FileName>/var/condor/execute/dir_5630/glide_fPFxNx/execute/dir_20587/cms_TYBnn4TPGNej/CMSSW_5_3_13_patch3/nuTuple.root</FileName>
  <Source  Value="TFileService" />
</AnalysisFile>
Wrong FrameworkJobReport --> does not contain useful info. ExitStatus: 50115
>>> Executable failed  50115
ExeExitCode=50115
EXECUTABLE_EXIT_STATUS = 50115
CrabWrapper EXIT_FUNC entered at Tue Nov  4 13:44:13 CST 2014   -  Tue Nov  4 19:44:13 UTC 2014
Checking output files:  
will tar file crab_fjr_91.xml in  out_files_91
WARNING: output file CMSSW_91.stdout not found!
WARNING: output file CMSSW_91.stderr not found!
WARNING: output file Watchdog_91.log.gz not found!
>>> working dir = /var/condor/execute/dir_5630/glide_fPFxNx/execute/dir_20587/cms_TYBnn4TPGNej
>>> current directory (RUNTIME_AREA): /var/condor/execute/dir_5630/glide_fPFxNx/execute/dir_20587
>>> Remove working directory: /var/condor/execute/dir_5630/glide_fPFxNx/execute/dir_20587/cms_TYBnn4TPGNej
/var/condor/.execute-links/slot18/dir_5630/glide_fPFxNx/execute/dir_20587/condor_exec.exe: line 156: symlinks: command not found
>>> padding time: Sleeping the wrapper for 206 seconds
STOPPING WATCHDOG. CrabWatchdog PID is 36324
********** LAST 50 LINES OF WATCHDOG LOG
# RESOURCE USAGE SUMMARY FOR PROCESS ID 36050
USER       PID %CPU %MEM    VSZ   RSS TTY      STAT START   TIME COMMAND
2541     36050  0.7  0.0   9712  1556 ?        SN   13:37   0:00 /bin/sh /var/condor/.execute-links/slot18/dir_5630/glide_fPFxNx/execute/dir_20587/condor_exec.exe 91 2
 
# LIMITS USED BY CRAB WATCHDOG:
# RSS  (KBytes)   : 2300000
# VSZ  (KBytes)   : 100000000
# DISK (MBytes)   : 19000
# CPU TIME        : 720h:0m:0s
# WALL CLOCK TIME : 21h:50m:0s
 
# FOLLOWING PRINTOUT TRACKS MAXIMUM VALUES OF RESOURCES USE
# ONE LINE IS PRINTED EACH TIME A MAXIMUM CHANGES
# IF CHANGE WAS IN RSS OR VSZ ALSO PROCID AND COMMAND ARE PRINTED
# THERE IS NO PRINTOUT FOR CPU/WALL TIME INCREASE
 
# TIME			PID	RSS(KB)	VSZ(KB)	Dsk(MB)	tCPU(s)	tWALL(s)	COMMAND
 Nov 04 13:37:43 CST	11250	1660	9844	0	0	0	/bin/bash /var/condor/.execute-links/slot18/dir_5630/_osg_wrapper/_osg_wrapper_exec -v std -name v1_3 -entry CMS_T2_US_Wisconsin_cms02 -clientname UCSD-v1_0.main -schedd
 Nov 04 13:37:43 CST	20587	8240	89448	0	0	0	condor_starter -f submit-6.t2.ucsd.edu        
 Nov 04 13:37:43 CST	30618	15068	89448	0	130	1	condor_procd -A /var/condor/.execute-links/slot18/dir_5630/glide_fPFxNx/log/procd_address -L /var/condor/.execute-links/slot18/dir_5630/glide_fPFxNx/log/ProcLog -R 1000000 -S 60 -C 2980
 Nov 04 13:37:43 CST	30639	15068	90004	0	21	1	condor_startd -f         
 Nov 04 13:37:43 CST	36336	22156	90004	0	0	1	edmConfigHash pset.py         
 Nov 04 13:37:43 CST	---	22156	90004	245	----	----	----
 Nov 04 13:38:44 CST	39019	648064	933592	245	25	63	cmsRun -j /var/condor/execute/dir_5630/glide_fPFxNx/execute/dir_20587/crab_fjr_91.xml -p pset.py      
 Nov 04 13:38:44 CST	---	648064	933592	249	----	----	----
 Nov 04 13:39:46 CST	39019	662092	969524	249	26	124	cmsRun -j /var/condor/execute/dir_5630/glide_fPFxNx/execute/dir_20587/crab_fjr_91.xml -p pset.py      
 Nov 04 13:40:47 CST	39019	662092	969780	249	26	185	cmsRun -j /var/condor/execute/dir_5630/glide_fPFxNx/execute/dir_20587/crab_fjr_91.xml -p pset.py      
 Nov 04 13:41:48 CST	39019	755008	1037856	249	65	248	cmsRun -j /var/condor/execute/dir_5630/glide_fPFxNx/execute/dir_20587/crab_fjr_91.xml -p pset.py      
 Nov 04 13:41:48 CST	---	755008	1037856	250	----	----	----
 Nov 04 13:42:51 CST	39019	761744	1046560	250	121	310	cmsRun -j /var/condor/execute/dir_5630/glide_fPFxNx/execute/dir_20587/crab_fjr_91.xml -p pset.py      
 Nov 04 13:42:51 CST	---	761744	1046560	252	----	----	----
 Nov 04 13:43:54 CST	39019	773076	1059104	252	174	373	cmsRun -j /var/condor/execute/dir_5630/glide_fPFxNx/execute/dir_20587/crab_fjr_91.xml -p pset.py      
 Nov 04 13:43:54 CST	---	773076	1059104	253	----	----	----
********** WATCHDOG LOG ENDED
ZIPPING WATCHDOG LOG
Disk space used:
du -sh /var/condor/execute/dir_5630/glide_fPFxNx/execute/dir_20587
60M	/var/condor/execute/dir_5630/glide_fPFxNx/execute/dir_20587
Found unusual stdout, rename for OSB
`/var/condor/execute/dir_5630/glide_fPFxNx/execute/dir_20587/_condor_stdout' -> `CMSSW_91.stdout'
Found unusual stderr, rename for OSB
`/var/condor/execute/dir_5630/glide_fPFxNx/execute/dir_20587/_condor_stdout' -> `CMSSW_91.stderr'
crab_fjr_91.xml
CMSSW_91.stdout
CMSSW_91.stderr
Watchdog_91.log.gz
Total Output dimension: 7595
WARNING: output files size limit is set to: 50000000
Total Output dimension 7595 is fine.
JOB_EXIT_STATUS = 50115
>>> info for dashboard:
***** Cat /var/condor/execute/dir_5630/glide_fPFxNx/execute/dir_20587/jobreport.txt *****
MonitorJobID=91_https://submit-6.t2.ucsd.edu//141104//474752.90
MonitorID=bpollack_DoubleEl_2012C_jah659
ExeTime=379
ExeExitCode=50115
CrabUserCpuTime=185.00
CrabSysCpuTime=3.52
CrabCpuPercentage=49%
CrabWrapperTime=600
CrabStageoutTime=NULL
JobExitCode=50115
***** End Cat jobreport *****
Parameters sent to Dashboard.
EXITING at Tue Nov  4 13:47:41 CST 2014  -  Tue Nov  4 19:47:41 UTC 2014
