This script was generated by crab (version 2.11.1).
Running /data1/condor_local/execute/dir_171058/glide_a5IaMB/execute/dir_182088/condor_exec.exe with 2 positional parameters: 659 1
Today is Tue Nov  4 12:03:29 PST 2014 - Tue Nov  4 20:03:29 UTC 2014
Job submitted on host cabinet-4-4-4.t2.ucsd.edu
Linux cabinet-4-4-4.t2.ucsd.edu 2.6.32-431.17.1.el6.x86_64 #1 SMP Wed May 7 23:32:49 UTC 2014 x86_64 x86_64 x86_64 GNU/Linux
Distributor ID:	CentOS
Description:	CentOS release 6.5 (Final)
>>> current directory (RUNTIME_AREA): /data1/condor_local/execute/dir_171058/glide_a5IaMB/execute/dir_182088
>>> current user: uid=36091(guser9) gid=36091(guser9) groups=36091(guser9)
>>> directory permission set to 0700
>>> umask set to:  u=rwx,g=,o=
>>> stdout stderr permission set to 0704
>>> voms proxy information:
subject   : /DC=ch/DC=cern/OU=Organic Units/OU=Users/CN=bpollack/CN=696641/CN=Brian Pollack/CN=780444926/CN=78119031
issuer    : /DC=ch/DC=cern/OU=Organic Units/OU=Users/CN=bpollack/CN=696641/CN=Brian Pollack/CN=780444926
identity  : /DC=ch/DC=cern/OU=Organic Units/OU=Users/CN=bpollack/CN=696641/CN=Brian Pollack/CN=780444926
type      : RFC compliant proxy
strength  : 1024 bits
path      : /data1/condor_local/execute/dir_171058/glide_a5IaMB/execute/dir_182088/x509up_u44397
timeleft  : 23:59:59
key usage : Digital Signature, Key Encipherment, Data Encipherment
=== VO cms extension information ===
VO        : cms
subject   : /DC=ch/DC=cern/OU=Organic Units/OU=Users/CN=bpollack/CN=696641/CN=Brian Pollack
issuer    : /DC=ch/DC=cern/OU=computers/CN=lcg-voms.cern.ch
attribute : /cms/Role=NULL/Capability=NULL
attribute : /cms/uscms/Role=NULL/Capability=NULL
timeleft  : 191:02:07
uri       : lcg-voms.cern.ch:15002
WNHostName=cabinet-4-4-4.t2.ucsd.edu
$_CONDOR_JOB_AD =/data1/condor_local/execute/dir_171058/glide_a5IaMB/execute/dir_182088/.job.ad
OverflowFlag=0
>>> tar --no-same-permissions -xf /data1/condor_local/execute/dir_171058/glide_a5IaMB/execute/dir_182088/default.tgz :
Successful untar
>>> Include /data1/condor_local/execute/dir_171058/glide_a5IaMB/execute/dir_182088 in PYTHONPATH:
strip arguments
env var CRAB_UNIQUE_JOB_ID set to: bpollack_DoubleEl_2012C_jah659_659_1_e4h
out_files_659
>>> list of expected files on output sandbox
output files: crab_fjr_659.xml CMSSW_659.stdout CMSSW_659.stderr Watchdog_659.log.gz
>>> GridFlavour discovery: 
source OSG GRID setup script
GridFlavour=OSG
>>> SyncSite discovery: 
SyncSite=T2_US_UCSD
>>> SyncCE discovery: 
getting SyncCE from OSG_JOB_CONTACT
SyncCE=osg-gw-7.t2.ucsd.edu/jobmanager-condor
>>> info for dashboard:
***** Cat /data1/condor_local/execute/dir_171058/glide_a5IaMB/execute/dir_182088/jobreport.txt *****
WNHostName=cabinet-4-4-4.t2.ucsd.edu
OverflowFlag=0
MonitorJobID=659_https://submit-6.t2.ucsd.edu//141104//474756.158
SyncGridJobId=https://submit-6.t2.ucsd.edu//141104//474756.158
MonitorID=bpollack_DoubleEl_2012C_jah659
GridFlavour=OSG
SyncSite=T2_US_UCSD
SyncCE=osg-gw-7.t2.ucsd.edu/jobmanager-condor
***** End Cat jobreport *****
Parameters sent to Dashboard.
>>> setup environment
set SCRAM ARCH to slc5_amd64_gcc462
SCRAM_ARCH = slc5_amd64_gcc462
>>> Created working directory: /data1/condor_local/execute/dir_171058/glide_a5IaMB/execute/dir_182088/cms_HrmTtryVuWbG
Change to working directory: /data1/condor_local/execute/dir_171058/glide_a5IaMB/execute/dir_182088/cms_HrmTtryVuWbG
>>> current directory (WORKING_DIR): /data1/condor_local/execute/dir_171058/glide_a5IaMB/execute/dir_182088/cms_HrmTtryVuWbG
>>> setup CMS OSG environment:
set SCRAM ARCH to slc5_amd64_gcc462
SCRAM_ARCH = slc5_amd64_gcc462
OSG_APP is /code/osgcode
sourcing /code/osgcode/cmssoft/cms/cmsset_default.sh ...
==> setup cms environment ok
SCRAM_ARCH = slc5_amd64_gcc462
>>> specific cmssw setup environment:
CMSSW_VERSION =  CMSSW_5_3_13_patch3
WARNING: Developer's area is created for architecture slc5_amd64_gcc462 while your current OS is SLC6.
>>> current directory (SOFTWARE_DIR): /data1/condor_local/execute/dir_171058/glide_a5IaMB/execute/dir_182088/cms_HrmTtryVuWbG/CMSSW_5_3_13_patch3
PreserveSeeds: <>
IncrementSeeds:<>
>>> info for dashboard:
***** Cat /data1/condor_local/execute/dir_171058/glide_a5IaMB/execute/dir_182088/jobreport.txt *****
MonitorJobID=659_https://submit-6.t2.ucsd.edu//141104//474756.158
MonitorID=bpollack_DoubleEl_2012C_jah659
***** End Cat jobreport *****
Parameters sent to Dashboard.
crabWatchdog started as process 184177
>>> moving CMSSW software directories in /data1/condor_local/execute/dir_171058/glide_a5IaMB/execute/dir_182088/cms_HrmTtryVuWbG/CMSSW_5_3_13_patch3
mv: cannot stat `/data1/condor_local/execute/dir_171058/glide_a5IaMB/execute/dir_182088/module/': No such file or directory
>>> Include /data1/condor_local/execute/dir_171058/glide_a5IaMB/execute/dir_182088 in PYTHONPATH:
PYTHONPATH=/data1/condor_local/execute/dir_171058/glide_a5IaMB/execute/dir_182088/:/data1/condor_local/execute/dir_171058/glide_a5IaMB/execute/dir_182088/cms_HrmTtryVuWbG/CMSSW_5_3_13_patch3/python:/data1/condor_local/execute/dir_171058/glide_a5IaMB/execute/dir_182088/cms_HrmTtryVuWbG/CMSSW_5_3_13_patch3/lib/slc5_amd64_gcc462:/cvmfs/cms.cern.ch/slc5_amd64_gcc462/cms/cmssw-patch/CMSSW_5_3_13_patch3/python:/cvmfs/cms.cern.ch/slc5_amd64_gcc462/cms/cmssw-patch/CMSSW_5_3_13_patch3/lib/slc5_amd64_gcc462:/cvmfs/cms.cern.ch/slc5_amd64_gcc462/cms/cmssw/CMSSW_5_3_13/bin/slc5_amd64_gcc462:/cvmfs/cms.cern.ch/slc5_amd64_gcc462/cms/cmssw/CMSSW_5_3_13/lib/slc5_amd64_gcc462:/cvmfs/cms.cern.ch/slc5_amd64_gcc462/cms/coral/CORAL_2_3_21-cms38/slc5_amd64_gcc462/python:/cvmfs/cms.cern.ch/slc5_amd64_gcc462/cms/coral/CORAL_2_3_21-cms38/slc5_amd64_gcc462/lib:/cvmfs/cms.cern.ch/slc5_amd64_gcc462/external/pyqt/4.8.1/lib/python2.6/site-packages:/cvmfs/cms.cern.ch/slc5_amd64_gcc462/external/py2-scipy/0.8.0/lib/python2.6/site-packages:/cvmfs/cms.cern.ch/slc5_amd64_gcc462/external/py2-matplotlib/1.0.1/lib/python2.6/site-packages:/cvmfs/cms.cern.ch/slc5_amd64_gcc462/external/python-ldap/2.3.5/lib/python2.6/site-packages:/cvmfs/cms.cern.ch/slc5_amd64_gcc462/external/sip/4.11.2/lib/python2.6/site-packages:/cvmfs/cms.cern.ch/slc5_amd64_gcc462/external/py2-pycurl/7.19.0/lib/python2.6/site-packages:/cvmfs/cms.cern.ch/slc5_amd64_gcc462/external/py2-numpy/1.6.1/lib/python2.6/site-packages:/cvmfs/cms.cern.ch/slc5_amd64_gcc462/external/py2-ipython/0.10/lib/python2.6/site-packages:/cvmfs/cms.cern.ch/slc5_amd64_gcc462/external/py2-cx-oracle/5.1-cms11/lib/python2.6/site-packages:/cvmfs/cms.cern.ch/slc5_amd64_gcc462/external/py2-cjson/1.0.5/lib/python2.6/site-packages:/cvmfs/cms.cern.ch/slc5_amd64_gcc462/cms/das-client/1.9.5/bin:/cvmfs/cms.cern.ch/slc5_amd64_gcc462/external/elementtree/1.2.6/share/lib/python2.6/site-packages:/cvmfs/cms.cern.ch/slc5_amd64_gcc462/external/rivet/1.8.2/lib/python2.6/site-packages:/cvmfs/cms.cern.ch/slc5_amd64_gcc462/external/pyminuit2/0.0.1-cms39/lib/python2.6/site-packages:/cvmfs/cms.cern.ch/slc5_amd64_gcc462/external/professor/1.0.0-cms40/lib/python2.6/site-packages:/cvmfs/cms.cern.ch/slc5_amd64_gcc462/lcg/root/5.32.00-cms21/lib:/cvmfs/cms.cern.ch/slc5_amd64_gcc462/cms/dbs-client/DBS_2_1_9-cms3/lib:/cvmfs/cms.cern.ch/slc5_amd64_gcc462/cms/dbs-client/DBS_2_1_9-cms3/lib/DBSAPI:/cvmfs/cms.cern.ch/slc5_amd64_gcc462/external/cvs2git/5419/lib:/data1/condor_local/execute/dir_171058/glide_a5IaMB/execute/dir_182088/
5752d28f8b4b39d632270e5775070e10
 
# LIMITS USED BY CRAB WATCHDOG:
# RSS  (KBytes)   : 2300000
# VSZ  (KBytes)   : 100000000
# DISK (MBytes)   : 19000
# CPU TIME        : 720h:0m:0s
# WALL CLOCK TIME : 21h:50m:0s
 
PSETHASH = 5752d28f8b4b39d632270e5775070e10
/data1/condor_local/execute/dir_171058/glide_a5IaMB/execute/dir_182088/writeCfg.py pset.py pset.py
Importing .py file
Setting parameters
RandomNumberGeneratorService found, will attempt to change seeds
inputBlocks=/DoubleElectron/Run2012C-22Jan2013-v1/AOD#44bf4bc2-6879-11e2-a7eb-00221959e72f
inputFiles=/store/data/Run2012C/DoubleElectron/AOD/22Jan2013-v1/20001/688168DD-7E68-E211-AFA5-00261894398B.root;/store/data/Run2012C/DoubleElectron/AOD/22Jan2013-v1/20001/14BA5643-6968-E211-8D6F-0025905964B4.root
parentFiles=
lumisRange=200473:432;200473:434-200473:435;200473:468;200473:624;200473:628;201097:146-201097:147;201097:164-201097:165;201097:295-201097:296;201278:1023;201278:1025;201278:1027;201278:1328-201278:1332;201278:1382;201278:1385-201278:1388;201278:1977-201278:1980;201278:1985-201278:1987;201278:2097-201278:2103;201278:2125-201278:2130;201278:2133;201554:123-201554:126;201602:131-201602:132;201602:144-201602:145;201613:214;201729:69;201729:74-201729:75;202299:203-202299:204;202973:230;202973:1407-202973:1408;203002:385-203002:386;203002:511;203002:616-203002:618;203002:620;203002:628-203002:629;203002:1128-203002:1129
>>> Executable cmsRun
/cvmfs/cms.cern.ch/slc5_amd64_gcc462/cms/cmssw/CMSSW_5_3_13/bin/slc5_amd64_gcc462/cmsRun
ok executable found
>>> info for dashboard:
***** Cat /data1/condor_local/execute/dir_171058/glide_a5IaMB/execute/dir_182088/jobreport.txt *****
MonitorJobID=659_https://submit-6.t2.ucsd.edu//141104//474756.158
MonitorID=bpollack_DoubleEl_2012C_jah659
ExeStart=cmsRun
***** End Cat jobreport *****
Parameters sent to Dashboard.
>>> cmsRun started at Tue Nov  4 20:05:10 UTC 2014
>>> cmsRun ended at Tue Nov  4 20:10:10 UTC 2014
>>> crab_fjr_*.xml  permission set to 0704
>>> info for dashboard:
***** Cat /data1/condor_local/execute/dir_171058/glide_a5IaMB/execute/dir_182088/jobreport.txt *****
MonitorJobID=659_https://submit-6.t2.ucsd.edu//141104//474756.158
MonitorID=bpollack_DoubleEl_2012C_jah659
ExeEnd=cmsRun
***** End Cat jobreport *****
Parameters sent to Dashboard.
TIME_EXE = 300 sec
>>> cmsRun wrote 12 lines of stdout+stderr
>>> START OF printout of 12 lines from stdout+stderr
04-Nov-2014 12:06:32 PST  Initiating request to open file /hadoop/cms/phedex/store/data/Run2012C/DoubleElectron/AOD/22Jan2013-v1/20001/688168DD-7E68-E211-AFA5-00261894398B.root
04-Nov-2014 12:06:34 PST  Successfully opened file /hadoop/cms/phedex/store/data/Run2012C/DoubleElectron/AOD/22Jan2013-v1/20001/688168DD-7E68-E211-AFA5-00261894398B.root
04-Nov-2014 12:10:09 PST  Closed file /hadoop/cms/phedex/store/data/Run2012C/DoubleElectron/AOD/22Jan2013-v1/20001/688168DD-7E68-E211-AFA5-00261894398B.root
----- Begin Fatal Exception 04-Nov-2014 12:10:09 PST-----------------------
An exception of category 'FileReadError' occurred while
   [0] Constructing the EventProcessor
   [1] Constructing input source of type PoolSource
   [2] Reading branch EventAuxiliary
Exception Message:
Fatal Root Error: @SUB=TBranchElement::GetBasket
File: ///hadoop/cms/phedex/store/data/Run2012C/DoubleElectron/AOD/22Jan2013-v1/20001/688168DD-7E68-E211-AFA5-00261894398B.root at byte:0, branch:EventAuxiliary, entry:0, badread=1, nerrors=1, basketnumber=0
----- End Fatal Exception -------------------------------------------------
>>> END OF printout of 12 lines from stdout+stderr
>>> ERROR: Fatal Exception from CMSSW:
----- Begin Fatal Exception 04-Nov-2014 12:10:09 PST-----------------------
An exception of category 'FileReadError' occurred while
   [0] Constructing the EventProcessor
   [1] Constructing input source of type PoolSource
   [2] Reading branch EventAuxiliary
Exception Message:
Fatal Root Error: @SUB=TBranchElement::GetBasket
File: ///hadoop/cms/phedex/store/data/Run2012C/DoubleElectron/AOD/22Jan2013-v1/20001/688168DD-7E68-E211-AFA5-00261894398B.root at byte:0, branch:EventAuxiliary, entry:0, badread=1, nerrors=1, basketnumber=0
----- End Fatal Exception -------------------------------------------------
>>> Parse FrameworkJobReport crab_fjr.xml
Result of parsing the FrameworkJobReport crab_fjr.xml: Popularity start
lumisRange : 
lumisParentRange : 
Basename : /store/data/Run2012C/DoubleElectron/AOD/22Jan2013-v1/20001/
BasenameParent : 
parentFiles : 
inputBlocks : /DoubleElectron/Run2012C-22Jan2013-v1/AOD#44bf4bc2-6879-11e2-a7eb-00221959e72f
inputFiles : 688168DD-7E68-E211-AFA5-00261894398B.root::0::Unknown::Local::Unknown;14BA5643-6968-E211-8D6F-0025905964B4.root::2::Unknown::Unknown::Unknown;
Popularity stop
Extracted ExitStatus from FrameworkJobReport parsing output: 8021
>>> Executable failed  8021
ExeExitCode=8021
EXECUTABLE_EXIT_STATUS = 8021
CrabWrapper EXIT_FUNC entered at Tue Nov  4 12:10:14 PST 2014   -  Tue Nov  4 20:10:14 UTC 2014
Checking output files:  
will tar file crab_fjr_659.xml in  out_files_659
WARNING: output file CMSSW_659.stdout not found!
WARNING: output file CMSSW_659.stderr not found!
WARNING: output file Watchdog_659.log.gz not found!
>>> working dir = /data1/condor_local/execute/dir_171058/glide_a5IaMB/execute/dir_182088/cms_HrmTtryVuWbG
>>> current directory (RUNTIME_AREA): /data1/condor_local/execute/dir_171058/glide_a5IaMB/execute/dir_182088
>>> Remove working directory: /data1/condor_local/execute/dir_171058/glide_a5IaMB/execute/dir_182088/cms_HrmTtryVuWbG
/data1/condor_local/execute/dir_171058/glide_a5IaMB/execute/dir_182088/condor_exec.exe: line 156: symlinks: command not found
>>> padding time: Sleeping the wrapper for 197 seconds
STOPPING WATCHDOG. CrabWatchdog PID is 184177
********** LAST 50 LINES OF WATCHDOG LOG
# RESOURCE USAGE SUMMARY FOR PROCESS ID 182287
USER        PID %CPU %MEM    VSZ   RSS TTY      STAT START   TIME COMMAND
guser9   182287  1.0  0.0  11608  1648 ?        SN   12:03   0:00 /bin/sh /data1/condor_local/execute/dir_171058/glide_a5IaMB/execute/dir_182088/condor_exec.exe 659 1
 
# LIMITS USED BY CRAB WATCHDOG:
# RSS  (KBytes)   : 2300000
# VSZ  (KBytes)   : 100000000
# DISK (MBytes)   : 19000
# CPU TIME        : 720h:0m:0s
# WALL CLOCK TIME : 21h:50m:0s
 
# FOLLOWING PRINTOUT TRACKS MAXIMUM VALUES OF RESOURCES USE
# ONE LINE IS PRINTED EACH TIME A MAXIMUM CHANGES
# IF CHANGE WAS IN RSS OR VSZ ALSO PROCID AND COMMAND ARE PRINTED
# THERE IS NO PRINTOUT FOR CPU/WALL TIME INCREASE
 
# TIME			PID	RSS(KB)	VSZ(KB)	Dsk(MB)	tCPU(s)	tWALL(s)	COMMAND
 Nov 04 12:04:00 PST	171102	1344	11340	0	0	0	/bin/sh /usr/local/bin/jobwrapper.sh /data1/condor_local/execute/dir_171058/condor_exec.exe -v std -name v3_0 -entry CMS_T2_US_UCSD_gw7 -clientname UCSD-v1_0.main
 Nov 04 12:04:00 PST	171134	1756	11732	0	0	0	/bin/bash /data1/condor_local/execute/dir_171058/condor_exec.exe -v std -name v3_0 -entry CMS_T2_US_UCSD_gw7 -clientname UCSD-v1_0.main -schedd
 Nov 04 12:04:00 PST	178515	8200	92892	0	0	0	/data1/condor_local/execute/dir_171058/glide_a5IaMB/main/condor/sbin/condor_master -f -pidfile /data1/condor_local/execute/dir_171058/glide_a5IaMB/condor_master2.pid       
 Nov 04 12:04:00 PST	178677	9112	93716	0	0	0	condor_startd -f         
 Nov 04 12:04:00 PST	182088	9112	93908	0	0	1	condor_starter -f submit-6.t2.ucsd.edu        
 Nov 04 12:04:00 PST	184195	42492	108512	0	21	1	edmConfigHash pset.py         
 Nov 04 12:04:00 PST	---	42492	108512	245	----	----	----
 Nov 04 12:05:01 PST	185645	47508	108512	245	1	63	python /data1/condor_local/execute/dir_171058/glide_a5IaMB/execute/dir_182088/writeCfg.py pset.py pset.py       
 Nov 04 12:06:03 PST	187533	290848	439848	245	40	125	cmsRun -j /data1/condor_local/execute/dir_171058/glide_a5IaMB/execute/dir_182088/crab_fjr_659.xml -p pset.py      
 Nov 04 12:06:03 PST	---	290848	439848	249	----	----	----
 Nov 04 12:07:05 PST	187533	375420	559144	249	100	187	cmsRun -j /data1/condor_local/execute/dir_171058/glide_a5IaMB/execute/dir_182088/crab_fjr_659.xml -p pset.py      
 Nov 04 12:08:07 PST	187533	392836	559144	249	161	249	cmsRun -j /data1/condor_local/execute/dir_171058/glide_a5IaMB/execute/dir_182088/crab_fjr_659.xml -p pset.py      
 Nov 04 12:09:09 PST	187533	425392	602380	249	222	311	cmsRun -j /data1/condor_local/execute/dir_171058/glide_a5IaMB/execute/dir_182088/crab_fjr_659.xml -p pset.py      
********** WATCHDOG LOG ENDED
ZIPPING WATCHDOG LOG
Disk space used:
du -sh /data1/condor_local/execute/dir_171058/glide_a5IaMB/execute/dir_182088
60M	/data1/condor_local/execute/dir_171058/glide_a5IaMB/execute/dir_182088
Found unusual stdout, rename for OSB
`/data1/condor_local/execute/dir_171058/glide_a5IaMB/execute/dir_182088/_condor_stdout' -> `CMSSW_659.stdout'
Found unusual stderr, rename for OSB
`/data1/condor_local/execute/dir_171058/glide_a5IaMB/execute/dir_182088/_condor_stdout' -> `CMSSW_659.stderr'
crab_fjr_659.xml
CMSSW_659.stdout
CMSSW_659.stderr
Watchdog_659.log.gz
Total Output dimension: 6071
WARNING: output files size limit is set to: 50000000
Total Output dimension 6071 is fine.
JOB_EXIT_STATUS = 8021
>>> info for dashboard:
***** Cat /data1/condor_local/execute/dir_171058/glide_a5IaMB/execute/dir_182088/jobreport.txt *****
MonitorJobID=659_https://submit-6.t2.ucsd.edu//141104//474756.158
MonitorID=bpollack_DoubleEl_2012C_jah659
ExeTime=300
ExeExitCode=8021
CrabUserCpuTime=15.02
CrabSysCpuTime=208.29
CrabCpuPercentage=74%
CrabWrapperTime=600
CrabStageoutTime=NULL
JobExitCode=8021
***** End Cat jobreport *****
Parameters sent to Dashboard.
EXITING at Tue Nov  4 12:13:33 PST 2014  -  Tue Nov  4 20:13:33 UTC 2014
