This script was generated by crab (version 2.11.1).
Running /data1/condor_local/execute/dir_99157/glide_XZdM9D/execute/dir_113120/condor_exec.exe with 2 positional parameters: 315 2
Today is Tue Nov  4 11:46:33 PST 2014 - Tue Nov  4 19:46:33 UTC 2014
Job submitted on host cabinet-4-4-22.t2.ucsd.edu
Linux cabinet-4-4-22.t2.ucsd.edu 2.6.32-431.17.1.el6.x86_64 #1 SMP Wed May 7 23:32:49 UTC 2014 x86_64 x86_64 x86_64 GNU/Linux
Distributor ID:	CentOS
Description:	CentOS release 6.5 (Final)
>>> current directory (RUNTIME_AREA): /data1/condor_local/execute/dir_99157/glide_XZdM9D/execute/dir_113120
>>> current user: uid=36097(guser15) gid=36097(guser15) groups=36097(guser15)
>>> directory permission set to 0700
>>> umask set to:  u=rwx,g=,o=
>>> stdout stderr permission set to 0704
>>> voms proxy information:
subject   : /DC=ch/DC=cern/OU=Organic Units/OU=Users/CN=bpollack/CN=696641/CN=Brian Pollack/CN=780444926/CN=279138503
issuer    : /DC=ch/DC=cern/OU=Organic Units/OU=Users/CN=bpollack/CN=696641/CN=Brian Pollack/CN=780444926
identity  : /DC=ch/DC=cern/OU=Organic Units/OU=Users/CN=bpollack/CN=696641/CN=Brian Pollack/CN=780444926
type      : RFC compliant proxy
strength  : 1024 bits
path      : /data1/condor_local/execute/dir_99157/glide_XZdM9D/execute/dir_113120/x509up_u44397
timeleft  : 23:59:59
key usage : Digital Signature, Key Encipherment, Data Encipherment
=== VO cms extension information ===
VO        : cms
subject   : /DC=ch/DC=cern/OU=Organic Units/OU=Users/CN=bpollack/CN=696641/CN=Brian Pollack
issuer    : /DC=ch/DC=cern/OU=computers/CN=lcg-voms.cern.ch
attribute : /cms/Role=NULL/Capability=NULL
attribute : /cms/uscms/Role=NULL/Capability=NULL
timeleft  : 191:19:03
uri       : lcg-voms.cern.ch:15002
WNHostName=cabinet-4-4-22.t2.ucsd.edu
$_CONDOR_JOB_AD =/data1/condor_local/execute/dir_99157/glide_XZdM9D/execute/dir_113120/.job.ad
OverflowFlag=0
>>> tar --no-same-permissions -xf /data1/condor_local/execute/dir_99157/glide_XZdM9D/execute/dir_113120/default.tgz :
Successful untar
>>> Include /data1/condor_local/execute/dir_99157/glide_XZdM9D/execute/dir_113120 in PYTHONPATH:
strip arguments
env var CRAB_UNIQUE_JOB_ID set to: bpollack_DoubleEl_2012C_jah659_315_2_hyS
out_files_315
>>> list of expected files on output sandbox
output files: crab_fjr_315.xml CMSSW_315.stdout CMSSW_315.stderr Watchdog_315.log.gz
>>> GridFlavour discovery: 
source OSG GRID setup script
GridFlavour=OSG
>>> SyncSite discovery: 
SyncSite=T2_US_UCSD
>>> SyncCE discovery: 
getting SyncCE from OSG_JOB_CONTACT
SyncCE=osg-gw-7.t2.ucsd.edu/jobmanager-condor
>>> info for dashboard:
***** Cat /data1/condor_local/execute/dir_99157/glide_XZdM9D/execute/dir_113120/jobreport.txt *****
WNHostName=cabinet-4-4-22.t2.ucsd.edu
OverflowFlag=0
MonitorJobID=315_https://submit-6.t2.ucsd.edu//141104//474752.314
SyncGridJobId=https://submit-6.t2.ucsd.edu//141104//474752.314
MonitorID=bpollack_DoubleEl_2012C_jah659
GridFlavour=OSG
SyncSite=T2_US_UCSD
SyncCE=osg-gw-7.t2.ucsd.edu/jobmanager-condor
***** End Cat jobreport *****
Parameters sent to Dashboard.
>>> setup environment
set SCRAM ARCH to slc5_amd64_gcc462
SCRAM_ARCH = slc5_amd64_gcc462
>>> Created working directory: /data1/condor_local/execute/dir_99157/glide_XZdM9D/execute/dir_113120/cms_BI4Dsi9aToXI
Change to working directory: /data1/condor_local/execute/dir_99157/glide_XZdM9D/execute/dir_113120/cms_BI4Dsi9aToXI
>>> current directory (WORKING_DIR): /data1/condor_local/execute/dir_99157/glide_XZdM9D/execute/dir_113120/cms_BI4Dsi9aToXI
>>> setup CMS OSG environment:
set SCRAM ARCH to slc5_amd64_gcc462
SCRAM_ARCH = slc5_amd64_gcc462
OSG_APP is /code/osgcode
sourcing /code/osgcode/cmssoft/cms/cmsset_default.sh ...
==> setup cms environment ok
SCRAM_ARCH = slc5_amd64_gcc462
>>> specific cmssw setup environment:
CMSSW_VERSION =  CMSSW_5_3_13_patch3
WARNING: Developer's area is created for architecture slc5_amd64_gcc462 while your current OS is SLC6.
>>> current directory (SOFTWARE_DIR): /data1/condor_local/execute/dir_99157/glide_XZdM9D/execute/dir_113120/cms_BI4Dsi9aToXI/CMSSW_5_3_13_patch3
PreserveSeeds: <>
IncrementSeeds:<>
>>> info for dashboard:
***** Cat /data1/condor_local/execute/dir_99157/glide_XZdM9D/execute/dir_113120/jobreport.txt *****
MonitorJobID=315_https://submit-6.t2.ucsd.edu//141104//474752.314
MonitorID=bpollack_DoubleEl_2012C_jah659
***** End Cat jobreport *****
Parameters sent to Dashboard.
crabWatchdog started as process 137097
>>> moving CMSSW software directories in /data1/condor_local/execute/dir_99157/glide_XZdM9D/execute/dir_113120/cms_BI4Dsi9aToXI/CMSSW_5_3_13_patch3
mv: cannot stat `/data1/condor_local/execute/dir_99157/glide_XZdM9D/execute/dir_113120/module/': No such file or directory
>>> Include /data1/condor_local/execute/dir_99157/glide_XZdM9D/execute/dir_113120 in PYTHONPATH:
PYTHONPATH=/data1/condor_local/execute/dir_99157/glide_XZdM9D/execute/dir_113120/:/data1/condor_local/execute/dir_99157/glide_XZdM9D/execute/dir_113120/cms_BI4Dsi9aToXI/CMSSW_5_3_13_patch3/python:/data1/condor_local/execute/dir_99157/glide_XZdM9D/execute/dir_113120/cms_BI4Dsi9aToXI/CMSSW_5_3_13_patch3/lib/slc5_amd64_gcc462:/cvmfs/cms.cern.ch/slc5_amd64_gcc462/cms/cmssw-patch/CMSSW_5_3_13_patch3/python:/cvmfs/cms.cern.ch/slc5_amd64_gcc462/cms/cmssw-patch/CMSSW_5_3_13_patch3/lib/slc5_amd64_gcc462:/cvmfs/cms.cern.ch/slc5_amd64_gcc462/cms/cmssw/CMSSW_5_3_13/bin/slc5_amd64_gcc462:/cvmfs/cms.cern.ch/slc5_amd64_gcc462/cms/cmssw/CMSSW_5_3_13/lib/slc5_amd64_gcc462:/cvmfs/cms.cern.ch/slc5_amd64_gcc462/cms/coral/CORAL_2_3_21-cms38/slc5_amd64_gcc462/python:/cvmfs/cms.cern.ch/slc5_amd64_gcc462/cms/coral/CORAL_2_3_21-cms38/slc5_amd64_gcc462/lib:/cvmfs/cms.cern.ch/slc5_amd64_gcc462/external/pyqt/4.8.1/lib/python2.6/site-packages:/cvmfs/cms.cern.ch/slc5_amd64_gcc462/external/py2-scipy/0.8.0/lib/python2.6/site-packages:/cvmfs/cms.cern.ch/slc5_amd64_gcc462/external/py2-matplotlib/1.0.1/lib/python2.6/site-packages:/cvmfs/cms.cern.ch/slc5_amd64_gcc462/external/python-ldap/2.3.5/lib/python2.6/site-packages:/cvmfs/cms.cern.ch/slc5_amd64_gcc462/external/sip/4.11.2/lib/python2.6/site-packages:/cvmfs/cms.cern.ch/slc5_amd64_gcc462/external/py2-pycurl/7.19.0/lib/python2.6/site-packages:/cvmfs/cms.cern.ch/slc5_amd64_gcc462/external/py2-numpy/1.6.1/lib/python2.6/site-packages:/cvmfs/cms.cern.ch/slc5_amd64_gcc462/external/py2-ipython/0.10/lib/python2.6/site-packages:/cvmfs/cms.cern.ch/slc5_amd64_gcc462/external/py2-cx-oracle/5.1-cms11/lib/python2.6/site-packages:/cvmfs/cms.cern.ch/slc5_amd64_gcc462/external/py2-cjson/1.0.5/lib/python2.6/site-packages:/cvmfs/cms.cern.ch/slc5_amd64_gcc462/cms/das-client/1.9.5/bin:/cvmfs/cms.cern.ch/slc5_amd64_gcc462/external/elementtree/1.2.6/share/lib/python2.6/site-packages:/cvmfs/cms.cern.ch/slc5_amd64_gcc462/external/rivet/1.8.2/lib/python2.6/site-packages:/cvmfs/cms.cern.ch/slc5_amd64_gcc462/external/pyminuit2/0.0.1-cms39/lib/python2.6/site-packages:/cvmfs/cms.cern.ch/slc5_amd64_gcc462/external/professor/1.0.0-cms40/lib/python2.6/site-packages:/cvmfs/cms.cern.ch/slc5_amd64_gcc462/lcg/root/5.32.00-cms21/lib:/cvmfs/cms.cern.ch/slc5_amd64_gcc462/cms/dbs-client/DBS_2_1_9-cms3/lib:/cvmfs/cms.cern.ch/slc5_amd64_gcc462/cms/dbs-client/DBS_2_1_9-cms3/lib/DBSAPI:/cvmfs/cms.cern.ch/slc5_amd64_gcc462/external/cvs2git/5419/lib:/data1/condor_local/execute/dir_99157/glide_XZdM9D/execute/dir_113120/
 
# LIMITS USED BY CRAB WATCHDOG:
# RSS  (KBytes)   : 2300000
# VSZ  (KBytes)   : 100000000
# DISK (MBytes)   : 19000
# CPU TIME        : 720h:0m:0s
# WALL CLOCK TIME : 21h:50m:0s
 
5752d28f8b4b39d632270e5775070e10
PSETHASH = 5752d28f8b4b39d632270e5775070e10
/data1/condor_local/execute/dir_99157/glide_XZdM9D/execute/dir_113120/writeCfg.py pset.py pset.py
Importing .py file
Setting parameters
RandomNumberGeneratorService found, will attempt to change seeds
inputBlocks=/DoubleElectron/Run2012C-22Jan2013-v1/AOD#6634748e-6843-11e2-a7eb-00221959e72f
inputFiles=/store/data/Run2012C/DoubleElectron/AOD/22Jan2013-v1/20001/089DB194-5468-E211-9391-0025905938B4.root;/store/data/Run2012C/DoubleElectron/AOD/22Jan2013-v1/20001/2E8AF23A-5568-E211-8C10-002354EF3BE3.root
parentFiles=
lumisRange=199319:723-199319:724;199319:731;199319:759-199319:761;199319:770-199319:772;199319:776-199319:778;199319:807-199319:809;199319:834-199319:836;199319:856;199319:858-199319:859;199319:973-199319:976;199409:185;199409:189;199409:191;199608:161;199608:163;199608:213-199608:214;199608:372-199608:374;199608:431;199608:434;199608:436;199754:818-199754:821;199754:823;199754:873;199754:876-199754:879;199876:30-199876:32;199876:45-199876:47;199876:63-199876:65;199960:117-199960:118;199960:345-199960:347;200041:1093-200041:1096
>>> Executable cmsRun
/cvmfs/cms.cern.ch/slc5_amd64_gcc462/cms/cmssw/CMSSW_5_3_13/bin/slc5_amd64_gcc462/cmsRun
ok executable found
>>> info for dashboard:
***** Cat /data1/condor_local/execute/dir_99157/glide_XZdM9D/execute/dir_113120/jobreport.txt *****
MonitorJobID=315_https://submit-6.t2.ucsd.edu//141104//474752.314
MonitorID=bpollack_DoubleEl_2012C_jah659
ExeStart=cmsRun
***** End Cat jobreport *****
Parameters sent to Dashboard.
>>> cmsRun started at Tue Nov  4 19:46:52 UTC 2014
>>> cmsRun ended at Tue Nov  4 19:47:56 UTC 2014
>>> crab_fjr_*.xml  permission set to 0704
>>> info for dashboard:
***** Cat /data1/condor_local/execute/dir_99157/glide_XZdM9D/execute/dir_113120/jobreport.txt *****
MonitorJobID=315_https://submit-6.t2.ucsd.edu//141104//474752.314
MonitorID=bpollack_DoubleEl_2012C_jah659
ExeEnd=cmsRun
***** End Cat jobreport *****
Parameters sent to Dashboard.
TIME_EXE = 64 sec
>>> cmsRun wrote 12 lines of stdout+stderr
>>> START OF printout of 12 lines from stdout+stderr
04-Nov-2014 11:47:10 PST  Initiating request to open file /hadoop/cms/phedex/store/data/Run2012C/DoubleElectron/AOD/22Jan2013-v1/20001/089DB194-5468-E211-9391-0025905938B4.root
04-Nov-2014 11:47:12 PST  Successfully opened file /hadoop/cms/phedex/store/data/Run2012C/DoubleElectron/AOD/22Jan2013-v1/20001/089DB194-5468-E211-9391-0025905938B4.root
04-Nov-2014 11:47:55 PST  Closed file /hadoop/cms/phedex/store/data/Run2012C/DoubleElectron/AOD/22Jan2013-v1/20001/089DB194-5468-E211-9391-0025905938B4.root
----- Begin Fatal Exception 04-Nov-2014 11:47:56 PST-----------------------
An exception of category 'FileReadError' occurred while
   [0] Constructing the EventProcessor
   [1] Constructing input source of type PoolSource
   [2] Reading branch EventAuxiliary
Exception Message:
Fatal Root Error: @SUB=TBranchElement::GetBasket
File: ///hadoop/cms/phedex/store/data/Run2012C/DoubleElectron/AOD/22Jan2013-v1/20001/089DB194-5468-E211-9391-0025905938B4.root at byte:0, branch:EventAuxiliary, entry:0, badread=1, nerrors=1, basketnumber=0
----- End Fatal Exception -------------------------------------------------
>>> END OF printout of 12 lines from stdout+stderr
>>> ERROR: Fatal Exception from CMSSW:
----- Begin Fatal Exception 04-Nov-2014 11:47:56 PST-----------------------
An exception of category 'FileReadError' occurred while
   [0] Constructing the EventProcessor
   [1] Constructing input source of type PoolSource
   [2] Reading branch EventAuxiliary
Exception Message:
Fatal Root Error: @SUB=TBranchElement::GetBasket
File: ///hadoop/cms/phedex/store/data/Run2012C/DoubleElectron/AOD/22Jan2013-v1/20001/089DB194-5468-E211-9391-0025905938B4.root at byte:0, branch:EventAuxiliary, entry:0, badread=1, nerrors=1, basketnumber=0
----- End Fatal Exception -------------------------------------------------
>>> Parse FrameworkJobReport crab_fjr.xml
Result of parsing the FrameworkJobReport crab_fjr.xml: Popularity start
lumisRange : 
lumisParentRange : 
Basename : /store/data/Run2012C/DoubleElectron/AOD/22Jan2013-v1/20001/
BasenameParent : 
parentFiles : 
inputBlocks : /DoubleElectron/Run2012C-22Jan2013-v1/AOD#6634748e-6843-11e2-a7eb-00221959e72f
inputFiles : 089DB194-5468-E211-9391-0025905938B4.root::0::Unknown::Local::Unknown;2E8AF23A-5568-E211-8C10-002354EF3BE3.root::2::Unknown::Unknown::Unknown;
Popularity stop
Extracted ExitStatus from FrameworkJobReport parsing output: 8021
>>> Executable failed  8021
ExeExitCode=8021
EXECUTABLE_EXIT_STATUS = 8021
CrabWrapper EXIT_FUNC entered at Tue Nov  4 11:48:00 PST 2014   -  Tue Nov  4 19:48:00 UTC 2014
Checking output files:  
will tar file crab_fjr_315.xml in  out_files_315
WARNING: output file CMSSW_315.stdout not found!
WARNING: output file CMSSW_315.stderr not found!
WARNING: output file Watchdog_315.log.gz not found!
>>> working dir = /data1/condor_local/execute/dir_99157/glide_XZdM9D/execute/dir_113120/cms_BI4Dsi9aToXI
>>> current directory (RUNTIME_AREA): /data1/condor_local/execute/dir_99157/glide_XZdM9D/execute/dir_113120
>>> Remove working directory: /data1/condor_local/execute/dir_99157/glide_XZdM9D/execute/dir_113120/cms_BI4Dsi9aToXI
/data1/condor_local/execute/dir_99157/glide_XZdM9D/execute/dir_113120/condor_exec.exe: line 156: symlinks: command not found
>>> padding time: Sleeping the wrapper for 515 seconds
STOPPING WATCHDOG. CrabWatchdog PID is 137097
********** LAST 50 LINES OF WATCHDOG LOG
# RESOURCE USAGE SUMMARY FOR PROCESS ID 125850
USER        PID %CPU %MEM    VSZ   RSS TTY      STAT START   TIME COMMAND
guser15  125850  0.8  0.0  11604  1640 ?        SN   11:46   0:00 /bin/sh /data1/condor_local/execute/dir_99157/glide_XZdM9D/execute/dir_113120/condor_exec.exe 315 2
 
# LIMITS USED BY CRAB WATCHDOG:
# RSS  (KBytes)   : 2300000
# VSZ  (KBytes)   : 100000000
# DISK (MBytes)   : 19000
# CPU TIME        : 720h:0m:0s
# WALL CLOCK TIME : 21h:50m:0s
 
# FOLLOWING PRINTOUT TRACKS MAXIMUM VALUES OF RESOURCES USE
# ONE LINE IS PRINTED EACH TIME A MAXIMUM CHANGES
# IF CHANGE WAS IN RSS OR VSZ ALSO PROCID AND COMMAND ARE PRINTED
# THERE IS NO PRINTOUT FOR CPU/WALL TIME INCREASE
 
# TIME			PID	RSS(KB)	VSZ(KB)	Dsk(MB)	tCPU(s)	tWALL(s)	COMMAND
 Nov 04 11:46:40 PST	102342	1344	11340	0	0	0	/bin/sh /usr/local/bin/jobwrapper.sh /data1/condor_local/execute/dir_99157/condor_exec.exe -v std -name v1_3 -entry CMS_T2_US_UCSD_gw7 -clientname UCSD-v1_0.main
 Nov 04 11:46:40 PST	102530	1764	11732	0	0	0	/bin/bash /data1/condor_local/execute/dir_99157/condor_exec.exe -v std -name v1_3 -entry CMS_T2_US_UCSD_gw7 -clientname UCSD-v1_0.main -schedd
 Nov 04 11:46:40 PST	113120	8640	94212	0	0	0	condor_starter -f submit-6.t2.ucsd.edu        
 Nov 04 11:46:40 PST	137122	28280	94212	0	0	1	edmConfigHash pset.py         
 Nov 04 11:46:40 PST	---	28280	94212	245	----	----	----
 Nov 04 11:47:41 PST	159819	457964	635208	245	16	61	cmsRun -j /data1/condor_local/execute/dir_99157/glide_XZdM9D/execute/dir_113120/crab_fjr_315.xml -p pset.py      
 Nov 04 11:47:41 PST	---	457964	635208	249	----	----	----
********** WATCHDOG LOG ENDED
ZIPPING WATCHDOG LOG
Disk space used:
du -sh /data1/condor_local/execute/dir_99157/glide_XZdM9D/execute/dir_113120
60M	/data1/condor_local/execute/dir_99157/glide_XZdM9D/execute/dir_113120
Found unusual stdout, rename for OSB
`/data1/condor_local/execute/dir_99157/glide_XZdM9D/execute/dir_113120/_condor_stdout' -> `CMSSW_315.stdout'
Found unusual stderr, rename for OSB
`/data1/condor_local/execute/dir_99157/glide_XZdM9D/execute/dir_113120/_condor_stdout' -> `CMSSW_315.stderr'
crab_fjr_315.xml
CMSSW_315.stdout
CMSSW_315.stderr
Watchdog_315.log.gz
Total Output dimension: 5711
WARNING: output files size limit is set to: 50000000
Total Output dimension 5711 is fine.
JOB_EXIT_STATUS = 8021
>>> info for dashboard:
***** Cat /data1/condor_local/execute/dir_99157/glide_XZdM9D/execute/dir_113120/jobreport.txt *****
MonitorJobID=315_https://submit-6.t2.ucsd.edu//141104//474752.314
MonitorID=bpollack_DoubleEl_2012C_jah659
ExeTime=64
ExeExitCode=8021
CrabUserCpuTime=15.34
CrabSysCpuTime=1.14
CrabCpuPercentage=25%
CrabWrapperTime=600
CrabStageoutTime=NULL
JobExitCode=8021
***** End Cat jobreport *****
Parameters sent to Dashboard.
EXITING at Tue Nov  4 11:56:37 PST 2014  -  Tue Nov  4 19:56:37 UTC 2014
