This script was generated by crab (version 2.11.1).
Running /home/pilcms20/home_cream_199044479/CREAM199044479/glide_AWTADT/execute/dir_5623/condor_exec.exe with 2 positional parameters: 82 1
Today is Fri Nov  7 01:54:30 CET 2014 - Fri Nov  7 00:54:30 UTC 2014
Job submitted on host gaew0236.ciemat.es
Linux gaew0236.ciemat.es 2.6.32-431.20.3.el6.x86_64 #1 SMP Fri Jun 20 10:07:33 CEST 2014 x86_64 x86_64 x86_64 GNU/Linux
Distributor ID:	ScientificCERNSLC
Description:	Scientific Linux CERN SLC release 6.5 (Carbon)
>>> current directory (RUNTIME_AREA): /home/pilcms20/home_cream_199044479/CREAM199044479/glide_AWTADT/execute/dir_5623
>>> current user: uid=61739(cms1239) gid=13991(cms) groups=13991(cms)
>>> directory permission set to 0700
>>> umask set to:  u=rwx,g=,o=
>>> stdout stderr permission set to 0704
>>> voms proxy information:
subject   : /DC=ch/DC=cern/OU=Organic Units/OU=Users/CN=bpollack/CN=696641/CN=Brian Pollack/CN=780444926/CN=612924039
issuer    : /DC=ch/DC=cern/OU=Organic Units/OU=Users/CN=bpollack/CN=696641/CN=Brian Pollack/CN=780444926
identity  : /DC=ch/DC=cern/OU=Organic Units/OU=Users/CN=bpollack/CN=696641/CN=Brian Pollack
type      : RFC3820 compliant limited proxy
strength  : 1024
path      : /home/pilcms20/home_cream_199044479/CREAM199044479/glide_AWTADT/execute/dir_5623/x509up_u44397
timeleft  : 23:59:40
key usage : Digital Signature, Key Encipherment, Data Encipherment
=== VO cms extension information ===
VO        : cms
subject   : /DC=ch/DC=cern/OU=Organic Units/OU=Users/CN=bpollack/CN=696641/CN=Brian Pollack
issuer    : /DC=ch/DC=cern/OU=computers/CN=lcg-voms.cern.ch
attribute : /cms/Role=NULL/Capability=NULL
attribute : /cms/uscms/Role=NULL/Capability=NULL
timeleft  : 190:45:19
uri       : lcg-voms.cern.ch:15002

WNHostName=gaew0236.ciemat.es
$_CONDOR_JOB_AD =/home/pilcms20/home_cream_199044479/CREAM199044479/glide_AWTADT/execute/dir_5623/.job.ad
OverflowFlag=0
>>> tar --no-same-permissions -xf /home/pilcms20/home_cream_199044479/CREAM199044479/glide_AWTADT/execute/dir_5623/default.tgz :
Successful untar
>>> Include /home/pilcms20/home_cream_199044479/CREAM199044479/glide_AWTADT/execute/dir_5623 in PYTHONPATH:
PYTHONPATH=/home/pilcms20/home_cream_199044479/CREAM199044479/glide_AWTADT/execute/dir_5623/:/opt/csync/lib:/opt/csync/lib:
strip arguments
env var CRAB_UNIQUE_JOB_ID set to: bpollack_DoubleEl_2012A_yd709j_82_1_asF
out_files_82
>>> list of expected files on output sandbox
output files: crab_fjr_82.xml CMSSW_82.stdout CMSSW_82.stderr Watchdog_82.log.gz
>>> GridFlavour discovery: 
GridFlavour=LCG
>>> SyncSite discovery: 
SyncSite=T2_ES_CIEMAT
>>> SyncCE discovery: 
getting SyncCE from CE_ID
SyncCE=creamce02.ciemat.es:8443/cream-pbs-medium
>>> info for dashboard:
***** Cat /home/pilcms20/home_cream_199044479/CREAM199044479/glide_AWTADT/execute/dir_5623/jobreport.txt *****
WNHostName=gaew0236.ciemat.es
OverflowFlag=0
MonitorJobID=82_https://submit-6.t2.ucsd.edu//141106//476057.81
SyncGridJobId=https://submit-6.t2.ucsd.edu//141106//476057.81
MonitorID=bpollack_DoubleEl_2012A_yd709j
GridFlavour=LCG
SyncSite=T2_ES_CIEMAT
SyncCE=creamce02.ciemat.es:8443/cream-pbs-medium
***** End Cat jobreport *****
Parameters sent to Dashboard.
>>> setup environment
set SCRAM ARCH to slc5_amd64_gcc462
SCRAM_ARCH = slc5_amd64_gcc462
>>> setup CMS LCG environment:
set SCRAM ARCH and BUILD_ARCH to slc5_amd64_gcc462 ###
Sourcing environment... 
sourcing /cvmfs/cms.cern.ch/cmsset_default.sh
==> setup cms environment ok
>>> specific cmssw setup environment:
CMSSW_VERSION =  CMSSW_5_3_13_patch3
>>> current directory (SOFTWARE_DIR): /home/pilcms20/home_cream_199044479/CREAM199044479/glide_AWTADT/execute/dir_5623/CMSSW_5_3_13_patch3
PreserveSeeds: <>
IncrementSeeds:<>
>>> info for dashboard:
***** Cat /home/pilcms20/home_cream_199044479/CREAM199044479/glide_AWTADT/execute/dir_5623/jobreport.txt *****
MonitorJobID=82_https://submit-6.t2.ucsd.edu//141106//476057.81
MonitorID=bpollack_DoubleEl_2012A_yd709j
***** End Cat jobreport *****
Parameters sent to Dashboard.
crabWatchdog started as process 11878
>>> moving CMSSW software directories in /home/pilcms20/home_cream_199044479/CREAM199044479/glide_AWTADT/execute/dir_5623/CMSSW_5_3_13_patch3
mv: cannot stat `/home/pilcms20/home_cream_199044479/CREAM199044479/glide_AWTADT/execute/dir_5623/module/': No such file or directory
>>> Include /home/pilcms20/home_cream_199044479/CREAM199044479/glide_AWTADT/execute/dir_5623 in PYTHONPATH:
PYTHONPATH=/home/pilcms20/home_cream_199044479/CREAM199044479/glide_AWTADT/execute/dir_5623/:/home/pilcms20/home_cream_199044479/CREAM199044479/glide_AWTADT/execute/dir_5623/CMSSW_5_3_13_patch3/python:/home/pilcms20/home_cream_199044479/CREAM199044479/glide_AWTADT/execute/dir_5623/CMSSW_5_3_13_patch3/lib/slc5_amd64_gcc462:/cvmfs/cms.cern.ch/slc5_amd64_gcc462/cms/cmssw-patch/CMSSW_5_3_13_patch3/python:/cvmfs/cms.cern.ch/slc5_amd64_gcc462/cms/cmssw-patch/CMSSW_5_3_13_patch3/lib/slc5_amd64_gcc462:/cvmfs/cms.cern.ch/slc5_amd64_gcc462/cms/cmssw/CMSSW_5_3_13/bin/slc5_amd64_gcc462:/cvmfs/cms.cern.ch/slc5_amd64_gcc462/cms/cmssw/CMSSW_5_3_13/lib/slc5_amd64_gcc462:/cvmfs/cms.cern.ch/slc5_amd64_gcc462/cms/coral/CORAL_2_3_21-cms38/slc5_amd64_gcc462/python:/cvmfs/cms.cern.ch/slc5_amd64_gcc462/cms/coral/CORAL_2_3_21-cms38/slc5_amd64_gcc462/lib:/cvmfs/cms.cern.ch/slc5_amd64_gcc462/external/pyqt/4.8.1/lib/python2.6/site-packages:/cvmfs/cms.cern.ch/slc5_amd64_gcc462/external/py2-scipy/0.8.0/lib/python2.6/site-packages:/cvmfs/cms.cern.ch/slc5_amd64_gcc462/external/py2-matplotlib/1.0.1/lib/python2.6/site-packages:/cvmfs/cms.cern.ch/slc5_amd64_gcc462/external/python-ldap/2.3.5/lib/python2.6/site-packages:/cvmfs/cms.cern.ch/slc5_amd64_gcc462/external/sip/4.11.2/lib/python2.6/site-packages:/cvmfs/cms.cern.ch/slc5_amd64_gcc462/external/py2-pycurl/7.19.0/lib/python2.6/site-packages:/cvmfs/cms.cern.ch/slc5_amd64_gcc462/external/py2-numpy/1.6.1/lib/python2.6/site-packages:/cvmfs/cms.cern.ch/slc5_amd64_gcc462/external/py2-ipython/0.10/lib/python2.6/site-packages:/cvmfs/cms.cern.ch/slc5_amd64_gcc462/external/py2-cx-oracle/5.1-cms11/lib/python2.6/site-packages:/cvmfs/cms.cern.ch/slc5_amd64_gcc462/external/py2-cjson/1.0.5/lib/python2.6/site-packages:/cvmfs/cms.cern.ch/slc5_amd64_gcc462/cms/das-client/1.9.5/bin:/cvmfs/cms.cern.ch/slc5_amd64_gcc462/external/elementtree/1.2.6/share/lib/python2.6/site-packages:/cvmfs/cms.cern.ch/slc5_amd64_gcc462/external/rivet/1.8.2/lib/python2.6/site-packages:/cvmfs/cms.cern.ch/slc5_amd64_gcc462/external/pyminuit2/0.0.1-cms39/lib/python2.6/site-packages:/cvmfs/cms.cern.ch/slc5_amd64_gcc462/external/professor/1.0.0-cms40/lib/python2.6/site-packages:/cvmfs/cms.cern.ch/slc5_amd64_gcc462/lcg/root/5.32.00-cms21/lib:/cvmfs/cms.cern.ch/slc5_amd64_gcc462/cms/dbs-client/DBS_2_1_9-cms3/lib:/cvmfs/cms.cern.ch/slc5_amd64_gcc462/cms/dbs-client/DBS_2_1_9-cms3/lib/DBSAPI:/cvmfs/cms.cern.ch/slc5_amd64_gcc462/external/cvs2git/5419/lib:/home/pilcms20/home_cream_199044479/CREAM199044479/glide_AWTADT/execute/dir_5623/:/opt/csync/lib:/opt/csync/lib:
 
# LIMITS USED BY CRAB WATCHDOG:
# RSS  (KBytes)   : 2300000
# VSZ  (KBytes)   : 100000000
# DISK (MBytes)   : 19000
# CPU TIME        : 720h:0m:0s
# WALL CLOCK TIME : 21h:50m:0s
 
5752d28f8b4b39d632270e5775070e10
PSETHASH = 5752d28f8b4b39d632270e5775070e10
/home/pilcms20/home_cream_199044479/CREAM199044479/glide_AWTADT/execute/dir_5623/writeCfg.py pset.py pset.py
Importing .py file
Setting parameters
RandomNumberGeneratorService found, will attempt to change seeds
inputBlocks=/DoubleElectron/Run2012A-22Jan2013-v1/AOD#4cf270ec-678b-11e2-a7eb-00221959e72f
inputFiles=/store/data/Run2012A/DoubleElectron/AOD/22Jan2013-v1/20000/9682BEF0-AA67-E211-99A3-00304867D446.root;/store/data/Run2012A/DoubleElectron/AOD/22Jan2013-v1/20000/B87EE20C-B667-E211-8FC6-002618FDA237.root
parentFiles=
lumisRange=190733:111-190733:112;190733:115-190733:116;190906:104-190906:105;191046:28;191201:76;191830:110;191830:145;193193:86-193193:90;193193:365-193193:370;193207:85-193207:91;193575:51-193575:60
>>> Executable cmsRun
/cvmfs/cms.cern.ch/slc5_amd64_gcc462/cms/cmssw/CMSSW_5_3_13/bin/slc5_amd64_gcc462/cmsRun
ok executable found
>>> info for dashboard:
***** Cat /home/pilcms20/home_cream_199044479/CREAM199044479/glide_AWTADT/execute/dir_5623/jobreport.txt *****
MonitorJobID=82_https://submit-6.t2.ucsd.edu//141106//476057.81
MonitorID=bpollack_DoubleEl_2012A_yd709j
ExeStart=cmsRun
***** End Cat jobreport *****
Parameters sent to Dashboard.
>>> cmsRun started at Fri Nov  7 00:54:49 UTC 2014
>>> cmsRun ended at Fri Nov  7 00:55:23 UTC 2014
>>> crab_fjr_*.xml  permission set to 0704
>>> info for dashboard:
***** Cat /home/pilcms20/home_cream_199044479/CREAM199044479/glide_AWTADT/execute/dir_5623/jobreport.txt *****
MonitorJobID=82_https://submit-6.t2.ucsd.edu//141106//476057.81
MonitorID=bpollack_DoubleEl_2012A_yd709j
ExeEnd=cmsRun
***** End Cat jobreport *****
Parameters sent to Dashboard.
TIME_EXE = 34 sec
>>> cmsRun wrote 9 lines of stdout+stderr
>>> START OF printout of 9 lines from stdout+stderr
07-Nov-2014 01:55:15 CET  Initiating request to open file dcap://gaedcap.ciemat.es:22125/pnfs/ciemat.es/data/cms/prod/store/data/Run2012A/DoubleElectron/AOD/22Jan2013-v1/20000/9682BEF0-AA67-E211-99A3-00304867D446.root
07-Nov-2014 01:55:17 CET  Successfully opened file dcap://gaedcap.ciemat.es:22125/pnfs/ciemat.es/data/cms/prod/store/data/Run2012A/DoubleElectron/AOD/22Jan2013-v1/20000/9682BEF0-AA67-E211-99A3-00304867D446.root
07-Nov-2014 01:55:22 CET  Closed file dcap://gaedcap.ciemat.es:22125/pnfs/ciemat.es/data/cms/prod/store/data/Run2012A/DoubleElectron/AOD/22Jan2013-v1/20000/9682BEF0-AA67-E211-99A3-00304867D446.root
----- Begin Fatal Exception 07-Nov-2014 01:55:22 CET-----------------------
An exception of category 'PluginLibraryLoadError' occurred while
   [0] Constructing the EventProcessor
Exception Message:
unable to load /home/pilcms20/home_cream_199044479/CREAM199044479/glide_AWTADT/execute/dir_5623/CMSSW_5_3_13_patch3/lib/slc5_amd64_gcc462/pluginDPGAnalysisSiStripToolsPlugins.so because /cvmfs/cms.cern.ch/slc5_amd64_gcc462/cms/cmssw-patch/CMSSW_5_3_13_patch3/external/slc5_amd64_gcc462/lib/libclasslib.so: cannot read file data: Input/output error
----- End Fatal Exception -------------------------------------------------
>>> END OF printout of 9 lines from stdout+stderr
>>> ERROR: Fatal Exception from CMSSW:
----- Begin Fatal Exception 07-Nov-2014 01:55:22 CET-----------------------
An exception of category 'PluginLibraryLoadError' occurred while
   [0] Constructing the EventProcessor
Exception Message:
unable to load /home/pilcms20/home_cream_199044479/CREAM199044479/glide_AWTADT/execute/dir_5623/CMSSW_5_3_13_patch3/lib/slc5_amd64_gcc462/pluginDPGAnalysisSiStripToolsPlugins.so because /cvmfs/cms.cern.ch/slc5_amd64_gcc462/cms/cmssw-patch/CMSSW_5_3_13_patch3/external/slc5_amd64_gcc462/lib/libclasslib.so: cannot read file data: Input/output error
----- End Fatal Exception -------------------------------------------------
>>> Parse FrameworkJobReport crab_fjr.xml
Result of parsing the FrameworkJobReport crab_fjr.xml: 
Extracted ExitStatus from FrameworkJobReport parsing output: 8001
>>> Executable failed  8001
ExeExitCode=8001
EXECUTABLE_EXIT_STATUS = 8001
CrabWrapper EXIT_FUNC entered at Fri Nov  7 01:55:25 CET 2014   -  Fri Nov  7 00:55:25 UTC 2014
Checking output files:  
will tar file crab_fjr_82.xml in  out_files_82
WARNING: output file CMSSW_82.stdout not found!
WARNING: output file CMSSW_82.stderr not found!
WARNING: output file Watchdog_82.log.gz not found!
>>> padding time: Sleeping the wrapper for 547 seconds
STOPPING WATCHDOG. CrabWatchdog PID is 11878
********** LAST 50 LINES OF WATCHDOG LOG
# RESOURCE USAGE SUMMARY FOR PROCESS ID 11655
USER       PID %CPU %MEM    VSZ   RSS TTY      STAT START   TIME COMMAND
cms1239  11655  0.4  0.0   9496  1572 ?        S    01:54   0:00 /bin/sh /home/pilcms20/home_cream_199044479/CREAM199044479/glide_AWTADT/execute/dir_5623/condor_exec.exe 82 1
 
# LIMITS USED BY CRAB WATCHDOG:
# RSS  (KBytes)   : 2300000
# VSZ  (KBytes)   : 100000000
# DISK (MBytes)   : 19000
# CPU TIME        : 720h:0m:0s
# WALL CLOCK TIME : 21h:50m:0s
 
# FOLLOWING PRINTOUT TRACKS MAXIMUM VALUES OF RESOURCES USE
# ONE LINE IS PRINTED EACH TIME A MAXIMUM CHANGES
# IF CHANGE WAS IN RSS OR VSZ ALSO PROCID AND COMMAND ARE PRINTED
# THERE IS NO PRINTOUT FOR CPU/WALL TIME INCREASE
 
# TIME			PID	RSS(KB)	VSZ(KB)	Dsk(MB)	tCPU(s)	tWALL(s)	COMMAND
 Nov 07 01:54:38 CET	11655	1572	9496	0	0	0	/bin/sh /home/pilcms20/home_cream_199044479/CREAM199044479/glide_AWTADT/execute/dir_5623/condor_exec.exe 82 1       
 Nov 07 01:54:38 CET	11878	1660	13820	0	0	0	/bin/bash /home/pilcms20/home_cream_199044479/CREAM199044479/glide_AWTADT/execute/dir_5623/crabWatchdog.sh         
 Nov 07 01:54:38 CET	11890	16692	88216	0	0	0	edmConfigHash pset.py         
 Nov 07 01:54:38 CET	---	16692	88216	304	----	----	----
 Nov 07 01:55:38 CET	---	16692	88216	308	----	----	----
********** WATCHDOG LOG ENDED
ZIPPING WATCHDOG LOG
Disk space used:
du -sh /home/pilcms20/home_cream_199044479/CREAM199044479/glide_AWTADT/execute/dir_5623
308M	/home/pilcms20/home_cream_199044479/CREAM199044479/glide_AWTADT/execute/dir_5623
Found unusual stdout, rename for OSB
`/home/pilcms20/home_cream_199044479/CREAM199044479/glide_AWTADT/execute/dir_5623/_condor_stdout' -> `CMSSW_82.stdout'
Found unusual stderr, rename for OSB
`/home/pilcms20/home_cream_199044479/CREAM199044479/glide_AWTADT/execute/dir_5623/_condor_stdout' -> `CMSSW_82.stderr'
crab_fjr_82.xml
CMSSW_82.stdout
CMSSW_82.stderr
Watchdog_82.log.gz
Total Output dimension: 8531
WARNING: output files size limit is set to: 50000000
Total Output dimension 8531 is fine.
JOB_EXIT_STATUS = 8001
>>> info for dashboard:
***** Cat /home/pilcms20/home_cream_199044479/CREAM199044479/glide_AWTADT/execute/dir_5623/jobreport.txt *****
MonitorJobID=82_https://submit-6.t2.ucsd.edu//141106//476057.81
MonitorID=bpollack_DoubleEl_2012A_yd709j
ExeTime=34
ExeExitCode=8001
CrabUserCpuTime=14.07
CrabSysCpuTime=1.38
CrabCpuPercentage=46%
CrabWrapperTime=600
CrabStageoutTime=NULL
JobExitCode=8001
***** End Cat jobreport *****
Parameters sent to Dashboard.
EXITING at Fri Nov  7 02:04:35 CET 2014  -  Fri Nov  7 01:04:35 UTC 2014
